Component: ARM Compiler 6.16 Tool: armlink [5dfeaa00]

==============================================================================

Section Cross References

    main.o(.text.HAL_GetTick) refers to rtx_kernel.o(.text.osKernelGetState) for osKernelGetState
    main.o(.text.HAL_GetTick) refers to rtx_kernel.o(.text.osKernelGetTickCount) for osKernelGetTickCount
    main.o(.text.HAL_GetTick) refers to system_stm32f4xx.o(.data.SystemCoreClock) for SystemCoreClock
    main.o(.text.HAL_GetTick) refers to main.o(.bss.HAL_GetTick.ticks) for HAL_GetTick.ticks
    main.o(.ARM.exidx.text.HAL_GetTick) refers to main.o(.text.HAL_GetTick) for [Anonymous Symbol]
    main.o(.text.main) refers to stm32f4xx_hal.o(.text.HAL_Init) for HAL_Init
    main.o(.text.main) refers to main.o(.text.SystemClock_Config) for SystemClock_Config
    main.o(.text.main) refers to system_stm32f4xx.o(.text.SystemCoreClockUpdate) for SystemCoreClockUpdate
    main.o(.text.main) refers to rtx_kernel.o(.text.osKernelInitialize) for osKernelInitialize
    main.o(.text.main) refers to principal.o(.text.Init_Thread_principal) for Init_Thread_principal
    main.o(.text.main) refers to rtx_kernel.o(.text.osKernelStart) for osKernelStart
    main.o(.ARM.exidx.text.main) refers to main.o(.text.main) for [Anonymous Symbol]
    main.o(.text.SystemClock_Config) refers to stm32f4xx_hal_rcc.o(.text.HAL_RCC_OscConfig) for HAL_RCC_OscConfig
    main.o(.text.SystemClock_Config) refers to stm32f4xx_hal_rcc.o(.text.HAL_RCC_ClockConfig) for HAL_RCC_ClockConfig
    main.o(.text.SystemClock_Config) refers to stm32f4xx_hal.o(.text.HAL_GetREVID) for HAL_GetREVID
    main.o(.ARM.exidx.text.SystemClock_Config) refers to main.o(.text.SystemClock_Config) for [Anonymous Symbol]
    principal.o(.text) refers (Special) to _printf_a.o(.ARM.Collect$$_printf_percent$$00000006) for _printf_a
    principal.o(.text) refers (Special) to _printf_d.o(.ARM.Collect$$_printf_percent$$00000009) for _printf_d
    principal.o(.text) refers (Special) to _printf_e.o(.ARM.Collect$$_printf_percent$$00000004) for _printf_e
    principal.o(.text) refers (Special) to _printf_f.o(.ARM.Collect$$_printf_percent$$00000003) for _printf_f
    principal.o(.text) refers (Special) to printf1.o(x$fpl$printf1) for _printf_fp_dec
    principal.o(.text) refers (Special) to printf2.o(x$fpl$printf2) for _printf_fp_hex
    principal.o(.text) refers (Special) to _printf_g.o(.ARM.Collect$$_printf_percent$$00000005) for _printf_g
    principal.o(.text) refers (Special) to _printf_dec.o(.text) for _printf_int_dec
    principal.o(.text) refers (Special) to _printf_percent.o(.ARM.Collect$$_printf_percent$$00000000) for _printf_percent
    principal.o(.text) refers (Special) to _printf_pad.o(.text) for _printf_pre_padding
    principal.o(.text) refers (Special) to _printf_u.o(.ARM.Collect$$_printf_percent$$0000000A) for _printf_u
    principal.o(.text) refers (Special) to _scanf_int.o(.text) for _scanf_int
    principal.o(.text) refers (Special) to scanf1.o(x$fpl$scanf1) for _scanf_real
    principal.o(.text.Init_Thread_principal) refers (Special) to _printf_a.o(.ARM.Collect$$_printf_percent$$00000006) for _printf_a
    principal.o(.text.Init_Thread_principal) refers (Special) to _printf_d.o(.ARM.Collect$$_printf_percent$$00000009) for _printf_d
    principal.o(.text.Init_Thread_principal) refers (Special) to _printf_e.o(.ARM.Collect$$_printf_percent$$00000004) for _printf_e
    principal.o(.text.Init_Thread_principal) refers (Special) to _printf_f.o(.ARM.Collect$$_printf_percent$$00000003) for _printf_f
    principal.o(.text.Init_Thread_principal) refers (Special) to printf1.o(x$fpl$printf1) for _printf_fp_dec
    principal.o(.text.Init_Thread_principal) refers (Special) to printf2.o(x$fpl$printf2) for _printf_fp_hex
    principal.o(.text.Init_Thread_principal) refers (Special) to _printf_g.o(.ARM.Collect$$_printf_percent$$00000005) for _printf_g
    principal.o(.text.Init_Thread_principal) refers (Special) to _printf_dec.o(.text) for _printf_int_dec
    principal.o(.text.Init_Thread_principal) refers (Special) to _printf_percent.o(.ARM.Collect$$_printf_percent$$00000000) for _printf_percent
    principal.o(.text.Init_Thread_principal) refers (Special) to _printf_pad.o(.text) for _printf_pre_padding
    principal.o(.text.Init_Thread_principal) refers (Special) to _printf_u.o(.ARM.Collect$$_printf_percent$$0000000A) for _printf_u
    principal.o(.text.Init_Thread_principal) refers (Special) to _scanf_int.o(.text) for _scanf_int
    principal.o(.text.Init_Thread_principal) refers (Special) to scanf1.o(x$fpl$scanf1) for _scanf_real
    principal.o(.text.Init_Thread_principal) refers to principal.o(.text.Thread_Main) for Thread_Main
    principal.o(.text.Init_Thread_principal) refers to rtx_thread.o(.text.osThreadNew) for osThreadNew
    principal.o(.text.Init_Thread_principal) refers to principal.o(.bss.tid_Thread_main) for tid_Thread_main
[...]
    __I$use$fp                               0x0800ba64   Number         0  usenofp.o(x$fpl$usenofp)
    osRtxConfig                              0x0800bb30   Data         112  rtx_lib.o(.rodata)
    os_cb_sections                           0x0800bba0   Data          56  rtx_lib.o(.rodata)
    AHBPrescTable                            0x0800bbd8   Data          16  system_stm32f4xx.o(.rodata.AHBPrescTable)
    APBPrescTable                            0x0800bbe8   Data           8  system_stm32f4xx.o(.rodata.APBPrescTable)
    Arial12x12                               0x0800bbf0   Data        2400  lcd.o(.rodata.Arial12x12)
    Driver_I2C1                              0x0800c550   Data          48  i2c_stm32f4xx.o(.rodata.Driver_I2C1)
    Driver_SPI1                              0x0800c580   Data          44  spi_stm32f4xx.o(.rodata.Driver_SPI1)
    Driver_USART3                            0x0800c5ac   Data          56  usart_stm32f4xx.o(.rodata.Driver_USART3)
    osRtxUserSVC                             0x0800c630   Data           4  rtx_lib.o(.rodata.osRtxUserSVC)
    Region$$Table$$Base                      0x0800c81c   Number         0  anon$$obj.o(Region$$Table)
    Region$$Table$$Limit                     0x0800c83c   Number         0  anon$$obj.o(Region$$Table)
    __aeabi_HUGE_VAL                         0x0800c83c   Data           0  fpconst.o(c$$dinf)
    __aeabi_HUGE_VALL                        0x0800c83c   Data           0  fpconst.o(c$$dinf)
    __aeabi_INFINITY                         0x0800c83c   Data           0  fpconst.o(c$$dinf)
    __dInf                                   0x0800c83c   Data           0  fpconst.o(c$$dinf)
    __huge_val                               0x0800c83c   Data           0  fpconst.o(c$$dinf)
    __dbl_max                                0x0800c844   Data           0  fpconst.o(c$$dmax)
    __ctype                                  0x0800c875   Data           0  lc_ctype_c.o(locale$$data)
    I2Cdrv                                   0x20000000   Data           4  temp.o(.data.I2Cdrv)
    SPIdrv                                   0x20000004   Data           4  lcd.o(.data.SPIdrv)
    SystemCoreClock                          0x20000008   Data           4  system_stm32f4xx.o(.data.SystemCoreClock)
    osRtxInfo                                0x2000000c   Data         164  rtx_kernel.o(.data.os)
    uwTickFreq                               0x200000b0   Data           1  stm32f4xx_hal.o(.data.uwTickFreq)
    uwTickPrio                               0x200000b4   Data           4  stm32f4xx_hal.o(.data.uwTickPrio)
    __libspace_start                         0x200000b8   Data          96  libspace.o(.bss)
    __temporary_stack_top$libspace           0x20000118   Data           0  libspace.o(.bss)
    buffer                                   0x200002e0   Data         512  lcd.o(.bss.buffer)
    buffer_medidas                           0x200004e0   Data         363  principal.o(.bss.buffer_medidas)
    estado                                   0x2000065c   Data           1  principal.o(.bss.estado)
    hora                                     0x20000660   Data           1  clock.o(.bss.hora)
    id_pot_th                                0x20000664   Data           4  pot.o(.bss.id_pot_th)
    min                                      0x2000067c   Data           1  clock.o(.bss.min)
    msg                                      0x20000680   Data           1  rgb.o(.bss.msg)
    msg_comRX_main                           0x20000681   Data          55  principal.o(.bss.msg_comRX_main)
    msg_comTX_main                           0x200006b8   Data          55  principal.o(.bss.msg_comTX_main)
    msg_com_RX                               0x200006ef   Data          55  com.o(.bss.msg_com_RX)
    msg_com_TX                               0x20000726   Data          55  com.o(.bss.msg_com_TX)
    msg_joy_main                             0x2000075d   Data           2  principal.o(.bss.msg_joy_main)
    msg_lcd                                  0x20000760   Data          64  lcd.o(.bss.msg_lcd)
    msg_lcd_main                             0x200007a0   Data          64  principal.o(.bss.msg_lcd_main)
    msg_pot_main                             0x200007e0   Data          16  principal.o(.bss.msg_pot_main)
    msg_pwm_main                             0x200007f0   Data           1  principal.o(.bss.msg_pwm_main)
    msg_rgb_main                             0x200007f1   Data           1  principal.o(.bss.msg_rgb_main)
    msg_temp                                 0x200007f4   Data           4  temp.o(.bss.msg_temp)
    msg_temp_main                            0x200007f8   Data           4  principal.o(.bss.msg_temp_main)
    .bss.os.msgqueue.cb$$Base                0x20010a34   Number         0  rtx_lib.o(.bss.os.msgqueue.cb)
    .bss.os.msgqueue.cb$$Limit               0x20010a68   Number         0  rtx_lib.o(.bss.os.msgqueue.cb)
    .bss.os.thread.cb$$Base                  0x20010ab8   Number         0  rtx_lib.o(.bss.os.thread.cb)
    .bss.os.thread.cb$$Limit                 0x20010b40   Number         0  rtx_lib.o(.bss.os.thread.cb)
    pulsed                                   0x20010f46   Data           1  joystick.o(.bss.pulsed)
    queue_PC_SIS                             0x20010f78   Data           4  com.o(.bss.queue_PC_SIS)
    queue_SIS_PC                             0x20010f7c   Data           4  com.o(.bss.queue_SIS_PC)
    queue_joystick                           0x20010f80   Data           4  joystick.o(.bss.queue_joystick)
    queue_lcd                                0x20010f84   Data           4  lcd.o(.bss.queue_lcd)
    queue_pot                                0x20010f88   Data           4  pot.o(.bss.queue_pot)
    queue_temp                               0x20010f94   Data           4  temp.o(.bss.queue_temp)
    seg                                      0x20010f98   Data           1  clock.o(.bss.seg)
    temp_ref                                 0x20010f9c   Data           4  principal.o(.bss.temp_ref)
    tid_Thread_Joystick                      0x20010fa4   Data           4  joystick.o(.bss.tid_Thread_Joystick)
    tid_Thread_RX                            0x20010fa8   Data           4  com.o(.bss.tid_Thread_RX)
    tid_Thread_TX                            0x20010fac   Data           4  com.o(.bss.tid_Thread_TX)
    tid_Thread_clock                         0x20010fb0   Data           4  clock.o(.bss.tid_Thread_clock)
    tid_Thread_lcd                           0x20010fb4   Data           4  lcd.o(.bss.tid_Thread_lcd)
    tid_Thread_temp                          0x20010fc0   Data           4  temp.o(.bss.tid_Thread_temp)
    tim_disp                                 0x20010fc4   Data           4  principal.o(.bss.tim_disp)
    tim_pul_L                                0x20010fc8   Data           4  joystick.o(.bss.tim_pul_L)
    tim_reb                                  0x20010fcc   Data           4  joystick.o(.bss.tim_reb)
    tim_reset                                0x20010fd0   Data           4  lcd.o(.bss.tim_reset)
    tim_temp                                 0x20010fd8   Data           4  temp.o(.bss.tim_temp)
    tim_temp_pot                             0x20010fdc   Data           4  pot.o(.bss.tim_temp_pot)



==============================================================================

Memory Map of the image

  Image Entry point : 0x080001ad

  Load Region LR_IROM1 (Base: 0x08000000, Size: 0x0000ca30, Max: 0x00200000, ABSOLUTE)

    Execution Region ER_IROM1 (Exec base: 0x08000000, Load base: 0x08000000, Size: 0x0000c978, Max: 0x00200000, ABSOLUTE)

    Exec Addr    Load Addr    Size         Type   Attr      Idx    E Section Name        Object

    0x08000000   0x08000000   0x000001ac   Data   RO         1742    RESET               startup_stm32f429xx.o
    0x080001ac   0x080001ac   0x00000008   Code   RO         2289  * !!!main             c_w.l(__main.o)
    0x080001b4   0x080001b4   0x00000034   Code   RO         2703    !!!scatter          c_w.l(__scatter.o)
    0x080001e8   0x080001e8   0x0000001a   Code   RO         2705    !!handler_copy      c_w.l(__scatter_copy.o)
    0x08000202   0x08000202   0x00000002   PAD
    0x08000204   0x08000204   0x0000001c   Code   RO         2707    !!handler_zi        c_w.l(__scatter_zi.o)
    0x08000220   0x08000220   0x00000000   Code   RO         2274    .ARM.Collect$$_printf_percent$$00000000  c_w.l(_printf_percent.o)
    0x08000220   0x08000220   0x00000006   Code   RO         2270    .ARM.Collect$$_printf_percent$$00000003  c_w.l(_printf_f.o)
    0x08000226   0x08000226   0x00000006   Code   RO         2271    .ARM.Collect$$_printf_percent$$00000004  c_w.l(_printf_e.o)
    0x0800022c   0x0800022c   0x00000006   Code   RO         2272    .ARM.Collect$$_printf_percent$$00000005  c_w.l(_printf_g.o)
    0x08000232   0x08000232   0x00000006   Code   RO         2273    .ARM.Collect$$_printf_percent$$00000006  c_w.l(_printf_a.o)
    0x08000238   0x08000238   0x00000006   Code   RO         2268    .ARM.Collect$$_printf_percent$$00000009  c_w.l(_printf_d.o)
    0x0800023e   0x0800023e   0x00000006   Code   RO         2269    .ARM.Collect$$_printf_percent$$0000000A  c_w.l(_printf_u.o)
    0x08000244   0x08000244   0x00000004   Code   RO         2369    .ARM.Collect$$_printf_percent$$00000017  c_w.l(_printf_percent_end.o)
    0x08000248   0x08000248   0x00000002   Code   RO         2533    .ARM.Collect$$libinit$$00000000  c_w.l(libinit.o)
    0x0800024a   0x0800024a   0x00000000   Code   RO         2535    .ARM.Collect$$libinit$$00000002  c_w.l(libinit2.o)
    0x0800024a   0x0800024a   0x00000000   Code   RO         2537    .ARM.Collect$$libinit$$00000004  c_w.l(libinit2.o)
    0x0800024a   0x0800024a   0x00000000   Code   RO         2540    .ARM.Collect$$libinit$$0000000A  c_w.l(libinit2.o)
    0x0800024a   0x0800024a   0x00000000   Code   RO         2542    .ARM.Collect$$libinit$$0000000C  c_w.l(libinit2.o)
    0x0800024a   0x0800024a   0x00000000   Code   RO         2544    .ARM.Collect$$libinit$$0000000E  c_w.l(libinit2.o)
    0x0800024a   0x0800024a   0x00000006   Code   RO         2545    .ARM.Collect$$libinit$$0000000F  c_w.l(libinit2.o)
    0x08000250   0x08000250   0x00000000   Code   RO         2547    .ARM.Collect$$libinit$$00000011  c_w.l(libinit2.o)
    0x08000250   0x08000250   0x0000000c   Code   RO         2548    .ARM.Collect$$libinit$$00000012  c_w.l(libinit2.o)
    0x0800025c   0x0800025c   0x00000000   Code   RO         2549    .ARM.Collect$$libinit$$00000013  c_w.l(libinit2.o)
    0x0800025c   0x0800025c   0x00000000   Code   RO         2551    .ARM.Collect$$libinit$$00000015  c_w.l(libinit2.o)
    0x0800025c   0x0800025c   0x0000000a   Code   RO         2552    .ARM.Collect$$libinit$$00000016  c_w.l(libinit2.o)
    0x08000266   0x08000266   0x00000000   Code   RO         2553    .ARM.Collect$$libinit$$00000017  c_w.l(libinit2.o)
    0x08000266   0x08000266   0x00000000   Code   RO         2555    .ARM.Collect$$libinit$$00000019  c_w.l(libinit2.o)
    0x08000266   0x08000266   0x00000000   Code   RO         2557    .ARM.Collect$$libinit$$0000001B  c_w.l(libinit2.o)
    0x08000266   0x08000266   0x00000000   Code   RO         2559    .ARM.Collect$$libinit$$0000001D  c_w.l(libinit2.o)
    0x08000266   0x08000266   0x00000000   Code   RO         2561    .ARM.Collect$$libinit$$0000001F  c_w.l(libinit2.o)
    0x08000266   0x08000266   0x00000000   Code   RO         2563    .ARM.Collect$$libinit$$00000021  c_w.l(libinit2.o)
    0x08000266   0x08000266   0x00000000   Code   RO         2565    .ARM.Collect$$libinit$$00000023  c_w.l(libinit2.o)
    0x08000266   0x08000266   0x00000000   Code   RO         2567    .ARM.Collect$$libinit$$00000025  c_w.l(libinit2.o)
    0x08000266   0x08000266   0x00000000   Code   RO         2571    .ARM.Collect$$libinit$$0000002C  c_w.l(libinit2.o)
    0x08000266   0x08000266   0x00000000   Code   RO         2573    .ARM.Collect$$libinit$$0000002E  c_w.l(libinit2.o)
    0x08000266   0x08000266   0x00000000   Code   RO         2575    .ARM.Collect$$libinit$$00000030  c_w.l(libinit2.o)
    0x08000266   0x08000266   0x00000000   Code   RO         2577    .ARM.Collect$$libinit$$00000032  c_w.l(libinit2.o)
    0x08000266   0x08000266   0x00000002   Code   RO         2578    .ARM.Collect$$libinit$$00000033  c_w.l(libinit2.o)
    0x08000268   0x08000268   0x00000002   Code   RO         2664    .ARM.Collect$$libshutdown$$00000000  c_w.l(libshutdown.o)
    0x0800026a   0x0800026a   0x00000000   Code   RO         2684    .ARM.Collect$$libshutdown$$00000002  c_w.l(libshutdown2.o)
    0x0800026a   0x0800026a   0x00000000   Code   RO         2686    .ARM.Collect$$libshutdown$$00000004  c_w.l(libshutdown2.o)
    0x0800026a   0x0800026a   0x00000000   Code   RO         2689    .ARM.Collect$$libshutdown$$00000007  c_w.l(libshutdown2.o)
    0x0800026a   0x0800026a   0x00000000   Code   RO         2692    .ARM.Collect$$libshutdown$$0000000A  c_w.l(libshutdown2.o)
    0x0800026a   0x0800026a   0x00000000   Code   RO         2694    .ARM.Collect$$libshutdown$$0000000C  c_w.l(libshutdown2.o)
    0x0800026a   0x0800026a   0x00000000   Code   RO         2697    .ARM.Collect$$libshutdown$$0000000F  c_w.l(libshutdown2.o)
    0x0800026a   0x0800026a   0x00000002   Code   RO         2698    .ARM.Collect$$libshutdown$$00000010  c_w.l(libshutdown2.o)
    0x0800026c   0x0800026c   0x00000000   Code   RO         2351    .ARM.Collect$$rtentry$$00000000  c_w.l(__rtentry.o)
    0x0800026c   0x0800026c   0x00000000   Code   RO         2408    .ARM.Collect$$rtentry$$00000002  c_w.l(__rtentry2.o)
    0x0800026c   0x0800026c   0x00000006   Code   RO         2420    .ARM.Collect$$rtentry$$00000004  c_w.l(__rtentry4.o)
    0x08000272   0x08000272   0x00000008   Code   RO         2409    .ARM.Collect$$rtentry$$00000008  c_w.l(__rtentry2.o)
    0x0800027a   0x0800027a   0x00000004   Code   RO         2411    .ARM.Collect$$rtentry$$0000000A  c_w.l(__rtentry2.o)
    0x0800027e   0x0800027e   0x00000000   Code   RO         2413    .ARM.Collect$$rtentry$$0000000C  c_w.l(__rtentry2.o)
    0x0800027e   0x0800027e   0x00000008   Code   RO         2414    .ARM.Collect$$rtentry$$0000000D  c_w.l(__rtentry2.o)
    0x08000286   0x08000286   0x00000002   Code   RO         2583    .ARM.Collect$$rtexit$$00000000  c_w.l(rtexit.o)
    0x08000288   0x08000288   0x00000000   Code   RO         2613    .ARM.Collect$$rtexit$$00000002  c_w.l(rtexit2.o)
    0x08000288   0x08000288   0x00000004   Code   RO         2614    .ARM.Collect$$rtexit$$00000003  c_w.l(rtexit2.o)
    0x0800028c   0x0800028c   0x00000006   Code   RO         2615    .ARM.Collect$$rtexit$$00000004  c_w.l(rtexit2.o)
    0x08000292   0x08000292   0x00000002   PAD
    0x08000294   0x08000294   0x00000040   Code   RO         1743    .text               startup_stm32f429xx.o
    0x080002d4   0x080002d4   0x00000094   Code   RO         2120    .text               RTX_CM3.lib(irq_armv7m.o)
    0x08000368   0x08000368   0x000000f0   Code   RO         2236    .text               c_w.l(lludivv7m.o)
    0x08000458   0x08000458   0x0000002c   Code   RO         2238    .text               c_w.l(__2sprintf.o)
    0x08000484   0x08000484   0x0000004e   Code   RO         2244    .text               c_w.l(_printf_pad.o)
    0x080004d2   0x080004d2   0x00000002   PAD
    0x080004d4   0x080004d4   0x00000078   Code   RO         2246    .text               c_w.l(_printf_dec.o)
    0x0800054c   0x0800054c   0x00000188   Code   RO         2265    .text               c_w.l(__printf_flags_ss_wp.o)
    0x080006d4   0x080006d4   0x0000003c   Code   RO         2275    .text               c_w.l(__0sscanf.o)
    0x08000710   0x08000710   0x0000014c   Code   RO         2277    .text               c_w.l(_scanf_int.o)
    0x0800085c   0x0800085c   0x0000003e   Code   RO         2279    .text               c_w.l(strlen.o)
    0x0800089a   0x0800089a   0x0000008a   Code   RO         2281    .text               c_w.l(rt_memcpy_v6.o)
    0x08000924   0x08000924   0x00000044   Code   RO         2283    .text               c_w.l(rt_memclr.o)
    0x08000968   0x08000968   0x0000004e   Code   RO         2285    .text               c_w.l(rt_memclr_w.o)
    0x080009b6   0x080009b6   0x00000006   Code   RO         2287    .text               c_w.l(heapauxi.o)
    0x080009bc   0x080009bc   0x000000b2   Code   RO         2356    .text               c_w.l(_printf_intcommon.o)
    0x08000a6e   0x08000a6e   0x0000041c   Code   RO         2358    .text               c_w.l(_printf_fp_dec.o)
    0x08000e8a   0x08000e8a   0x00000002   PAD
    0x08000e8c   0x08000e8c   0x000002fc   Code   RO         2362    .text               c_w.l(_printf_fp_hex.o)
    0x08001188   0x08001188   0x00000030   Code   RO         2365    .text               c_w.l(_printf_char_common.o)
    0x080011b8   0x080011b8   0x0000000a   Code   RO         2367    .text               c_w.l(_sputc.o)
    0x080011c2   0x080011c2   0x0000001c   Code   RO         2370    .text               c_w.l(_chval.o)
    0x080011de   0x080011de   0x00000002   PAD
    0x080011e0   0x080011e0   0x000004f8   Code   RO         2372    .text               c_w.l(scanf_fp.o)
    0x080016d8   0x080016d8   0x0000002c   Code   RO         2376    .text               c_w.l(scanf_char.o)
    0x08001704   0x08001704   0x00000040   Code   RO         2378    .text               c_w.l(_sgetc.o)
    0x08001744   0x08001744   0x00000064   Code   RO         2380    .text               c_w.l(rt_memcpy_w.o)
    0x080017a8   0x080017a8   0x0000000a   Code   RO         2429    .text               c_w.l(rt_locale_twolibspace.o)
    0x080017b2   0x080017b2   0x00000004   Code   RO         2436    .text               c_w.l(rt_errno_addr_twolibspace.o)
    0x080017b6   0x080017b6   0x00000026   Code   RO         2438    .text               c_w.l(llshl.o)
    0x080017dc   0x080017dc   0x0000008a   Code   RO         2440    .text               c_w.l(lludiv10.o)
    0x08001866   0x08001866   0x00000012   Code   RO         2442    .text               c_w.l(isspace.o)
    0x08001878   0x08001878   0x00000080   Code   RO         2444    .text               c_w.l(_printf_fp_infnan.o)
    0x080018f8   0x080018f8   0x00000374   Code   RO         2448    .text               c_w.l(_scanf.o)
    0x08001c6c   0x08001c6c   0x000000e4   Code   RO         2450    .text               c_w.l(bigflt0.o)
    0x08001d50   0x08001d50   0x00000008   Code   RO         2507    .text               c_w.l(libspace.o)
    0x08001d58   0x08001d58   0x0000004a   Code   RO         2510    .text               c_w.l(sys_stackheap_outer.o)
    0x08001da2   0x08001da2   0x00000002   PAD
    0x08001da4   0x08001da4   0x00000010   Code   RO         2512    .text               c_w.l(rt_ctype_table.o)
    0x08001db4   0x08001db4   0x00000016   Code   RO         2514    .text               c_w.l(_rserrno.o)
    0x08001dca   0x08001dca   0x00000002   PAD
    0x08001dcc   0x08001dcc   0x00000320   Code   RO         2516    .text               c_w.l(scanf_hexfp.o)
    0x080020ec   0x080020ec   0x00000134   Code   RO         2518    .text               c_w.l(scanf_infnan.o)
    0x08002220   0x08002220   0x00000012   Code   RO         2522    .text               c_w.l(exit.o)
    0x08002232   0x08002232   0x00000006   PAD
    0x08002238   0x08002238   0x0000007c   Code   RO         2528    .text               c_w.l(strcmpv7em.o)
    0x080022b4   0x080022b4   0x0000000c   Code   RO         2608    .text               c_w.l(sys_exit.o)
    0x080022c0   0x080022c0   0x00000002   Code   RO         2651    .text               c_w.l(use_no_semi.o)
    0x080022c2   0x080022c2   0x00000000   Code   RO         2653    .text               c_w.l(indicate_semi.o)
    0x080022c2   0x080022c2   0x00000002   PAD
    0x080022c4   0x080022c4   0x00000082   Code   RO          209    .text.ADC1_pins_F429ZI_config  pot.o
    0x08002346   0x08002346   0x00000002   PAD
    0x08002348   0x08002348   0x00000108   Code   RO          643    .text.ADC_Init      stm32f4xx_hal_adc.o
    0x08002450   0x08002450   0x00000076   Code   RO          205    .text.ADC_Init_Single_Conversion  pot.o
    0x080024c6   0x080024c6   0x00000002   PAD
    0x080024c8   0x080024c8   0x00000062   Code   RO          207    .text.ADC_getVoltage  pot.o
    0x0800252a   0x0800252a   0x00000002   PAD
    0x0800252c   0x0800252c   0x00000032   Code   RO           96    .text.CallBack_USART3  com.o
    0x0800255e   0x0800255e   0x00000002   PAD
    0x08002560   0x08002560   0x00000012   Code   RO          458    .text.Disable_SPI_Clock  spi_stm32f4xx.o
    0x08002572   0x08002572   0x00000002   PAD
    0x08002574   0x08002574   0x0000002c   Code   RO          125    .text.EXTI15_10_IRQHandler  joystick.o
    0x080025a0   0x080025a0   0x00000024   Code   RO          386    .text.Enable_GPIO_Clock  i2c_stm32f4xx.o
    0x080025c4   0x080025c4   0x00000024   Code   RO          448    .text.Enable_GPIO_Clock  spi_stm32f4xx.o
    0x080025e8   0x080025e8   0x000001f4   Code   RO          526    .text.Enable_GPIO_Clock  usart_stm32f4xx.o
    0x080027dc   0x080027dc   0x00000024   Code   RO          460    .text.Enable_SPI_Clock  spi_stm32f4xx.o
    0x08002800   0x08002800   0x00000128   Code   RO          683    .text.HAL_ADC_ConfigChannel  stm32f4xx_hal_adc.o
    0x08002928   0x08002928   0x00000006   Code   RO          679    .text.HAL_ADC_GetValue  stm32f4xx_hal_adc.o
    0x0800292e   0x0800292e   0x00000002   PAD
    0x08002930   0x08002930   0x0000004e   Code   RO          639    .text.HAL_ADC_Init  stm32f4xx_hal_adc.o
    0x0800297e   0x0800297e   0x00000002   PAD
    0x08002980   0x08002980   0x00000002   Code   RO          641    .text.HAL_ADC_MspInit  stm32f4xx_hal_adc.o
    0x08002982   0x08002982   0x00000002   PAD
    0x08002984   0x08002984   0x000000b4   Code   RO          653    .text.HAL_ADC_PollForConversion  stm32f4xx_hal_adc.o
    0x08002a38   0x08002a38   0x00000114   Code   RO          649    .text.HAL_ADC_Start  stm32f4xx_hal_adc.o
    0x08002b4c   0x08002b4c   0x00000028   Code   RO          590    .text.HAL_Delay     stm32f4xx_hal.o
    0x08002b74   0x08002b74   0x00000106   Code   RO          865    .text.HAL_GPIO_DeInit  stm32f4xx_hal_gpio.o
    0x08002c7a   0x08002c7a   0x00000002   PAD
    0x08002c7c   0x08002c7c   0x0000005c   Code   RO          127    .text.HAL_GPIO_EXTI_Callback  joystick.o
    0x08002cd8   0x08002cd8   0x0000001a   Code   RO          875    .text.HAL_GPIO_EXTI_IRQHandler  stm32f4xx_hal_gpio.o
    0x08002cf2   0x08002cf2   0x00000002   PAD
    0x08002cf4   0x08002cf4   0x0000019a   Code   RO          863    .text.HAL_GPIO_Init  stm32f4xx_hal_gpio.o
    0x08002e8e   0x08002e8e   0x00000002   PAD
    0x08002e90   0x08002e90   0x0000000a   Code   RO          867    .text.HAL_GPIO_ReadPin  stm32f4xx_hal_gpio.o
    0x08002e9a   0x08002e9a   0x00000002   PAD
    0x08002e9c   0x08002e9c   0x0000000a   Code   RO          869    .text.HAL_GPIO_WritePin  stm32f4xx_hal_gpio.o
    0x08002ea6   0x08002ea6   0x00000002   PAD
    0x08002ea8   0x08002ea8   0x0000000e   Code   RO          598    .text.HAL_GetREVID  stm32f4xx_hal.o
    0x08002eb6   0x08002eb6   0x00000002   PAD
    0x08002eb8   0x08002eb8   0x00000050   Code   RO            2    .text.HAL_GetTick   main.o
    0x08002f08   0x08002f08   0x0000002e   Code   RO          570    .text.HAL_Init      stm32f4xx_hal.o
    0x08002f36   0x08002f36   0x00000002   PAD
    0x08002f38   0x08002f38   0x00000050   Code   RO          572    .text.HAL_InitTick  stm32f4xx_hal.o
    0x08002f88   0x08002f88   0x00000002   Code   RO          574    .text.HAL_MspInit   stm32f4xx_hal.o
    0x08002f8a   0x08002f8a   0x00000002   PAD
    0x08002f8c   0x08002f8c   0x00000008   Code   RO          787    .text.HAL_NVIC_ClearPendingIRQ  stm32f4xx_hal_cortex.o
    0x08002f94   0x08002f94   0x00000008   Code   RO          753    .text.HAL_NVIC_DisableIRQ  stm32f4xx_hal_cortex.o
    0x08002f9c   0x08002f9c   0x00000008   Code   RO          749    .text.HAL_NVIC_EnableIRQ  stm32f4xx_hal_cortex.o
    0x08002fa4   0x08002fa4   0x0000001e   Code   RO          741    .text.HAL_NVIC_SetPriority  stm32f4xx_hal_cortex.o
    0x08002fc2   0x08002fc2   0x00000002   PAD
    0x08002fc4   0x08002fc4   0x00000008   Code   RO          737    .text.HAL_NVIC_SetPriorityGrouping  stm32f4xx_hal_cortex.o
    0x08002fcc   0x08002fcc   0x00000160   Code   RO         1141    .text.HAL_RCC_ClockConfig  stm32f4xx_hal_rcc.o
    0x0800312c   0x0800312c   0x0000000c   Code   RO         1151    .text.HAL_RCC_GetHCLKFreq  stm32f4xx_hal_rcc.o
    0x08003138   0x08003138   0x00000022   Code   RO         1153    .text.HAL_RCC_GetPCLK1Freq  stm32f4xx_hal_rcc.o
    0x0800315a   0x0800315a   0x00000002   PAD
    0x0800315c   0x0800315c   0x00000022   Code   RO         1155    .text.HAL_RCC_GetPCLK2Freq  stm32f4xx_hal_rcc.o
    0x0800317e   0x0800317e   0x00000002   PAD
    0x08003180   0x08003180   0x0000006a   Code   RO         1143    .text.HAL_RCC_GetSysClockFreq  stm32f4xx_hal_rcc.o
    0x080031ea   0x080031ea   0x00000002   PAD
    0x080031ec   0x080031ec   0x00000334   Code   RO         1139    .text.HAL_RCC_OscConfig  stm32f4xx_hal_rcc.o
    0x08003520   0x08003520   0x00000008   Code   RO          761    .text.HAL_SYSTICK_Config  stm32f4xx_hal_cortex.o
    0x08003528   0x08003528   0x000000a0   Code   RO         1489    .text.HAL_TIM_PWM_ConfigChannel  stm32f4xx_hal_tim.o
    0x080035c8   0x080035c8   0x00000036   Code   RO         1377    .text.HAL_TIM_PWM_Init  stm32f4xx_hal_tim.o
    0x080035fe   0x080035fe   0x00000002   PAD
    0x08003600   0x08003600   0x00000002   Code   RO         1379    .text.HAL_TIM_PWM_MspInit  stm32f4xx_hal_tim.o
    0x08003602   0x08003602   0x00000002   PAD
    0x08003604   0x08003604   0x0000003c   Code   RO         1385    .text.HAL_TIM_PWM_Start  stm32f4xx_hal_tim.o
    0x08003640   0x08003640   0x00000060   Code   RO         1387    .text.HAL_TIM_PWM_Stop  stm32f4xx_hal_tim.o
    0x080036a0   0x080036a0   0x00000008   Code   RO          380    .text.I2C1_Control  i2c_stm32f4xx.o
    0x080036a8   0x080036a8   0x00000008   Code   RO          356    .text.I2C1_ER_IRQHandler  i2c_stm32f4xx.o
    0x080036b0   0x080036b0   0x00000008   Code   RO          352    .text.I2C1_EV_IRQHandler  i2c_stm32f4xx.o
    0x080036b8   0x080036b8   0x00000008   Code   RO          378    .text.I2C1_GetDataCount  i2c_stm32f4xx.o
    0x080036c0   0x080036c0   0x00000008   Code   RO          382    .text.I2C1_GetStatus  i2c_stm32f4xx.o
    0x080036c8   0x080036c8   0x0000000a   Code   RO          364    .text.I2C1_Initialize  i2c_stm32f4xx.o
    0x080036d2   0x080036d2   0x00000002   PAD
    0x080036d4   0x080036d4   0x00000008   Code   RO          372    .text.I2C1_MasterReceive  i2c_stm32f4xx.o
    0x080036dc   0x080036dc   0x00000008   Code   RO          370    .text.I2C1_MasterTransmit  i2c_stm32f4xx.o
    0x080036e4   0x080036e4   0x00000008   Code   RO          368    .text.I2C1_PowerControl  i2c_stm32f4xx.o
    0x080036ec   0x080036ec   0x00000008   Code   RO          376    .text.I2C1_SlaveReceive  i2c_stm32f4xx.o
    0x080036f4   0x080036f4   0x00000008   Code   RO          374    .text.I2C1_SlaveTransmit  i2c_stm32f4xx.o
    0x080036fc   0x080036fc   0x0000000a   Code   RO          366    .text.I2C1_Uninitialize  i2c_stm32f4xx.o
    0x08003706   0x08003706   0x00000002   PAD
    0x08003708   0x08003708   0x00000004   Code   RO          362    .text.I2CX_GetCapabilities  i2c_stm32f4xx.o
    0x0800370c   0x0800370c   0x0000000a   Code   RO          360    .text.I2CX_GetVersion  i2c_stm32f4xx.o
    0x08003716   0x08003716   0x00000002   PAD
    0x08003718   0x08003718   0x000002a4   Code   RO          402    .text.I2C_Control   i2c_stm32f4xx.o
    0x080039bc   0x080039bc   0x00000162   Code   RO          358    .text.I2C_ER_IRQHandler  i2c_stm32f4xx.o
    0x08003b1e   0x08003b1e   0x00000002   PAD
    0x08003b20   0x08003b20   0x0000051e   Code   RO          354    .text.I2C_EV_IRQHandler  i2c_stm32f4xx.o
    0x0800403e   0x0800403e   0x00000002   PAD
    0x08004040   0x08004040   0x00000026   Code   RO          400    .text.I2C_GetDataCount  i2c_stm32f4xx.o
    0x08004066   0x08004066   0x00000002   PAD
    0x08004068   0x08004068   0x0000000c   Code   RO          404    .text.I2C_GetStatus  i2c_stm32f4xx.o
    0x08004074   0x08004074   0x0000007e   Code   RO          384    .text.I2C_Initialize  i2c_stm32f4xx.o
    0x080040f2   0x080040f2   0x00000002   PAD
    0x080040f4   0x080040f4   0x000000c0   Code   RO          394    .text.I2C_MasterReceive  i2c_stm32f4xx.o
    0x080041b4   0x080041b4   0x000000bc   Code   RO          392    .text.I2C_MasterTransmit  i2c_stm32f4xx.o
    0x08004270   0x08004270   0x0000014a   Code   RO          390    .text.I2C_PowerControl  i2c_stm32f4xx.o
    0x080043ba   0x080043ba   0x00000002   PAD
    0x080043bc   0x080043bc   0x00000054   Code   RO          398    .text.I2C_SlaveReceive  i2c_stm32f4xx.o
    0x08004410   0x08004410   0x00000058   Code   RO          396    .text.I2C_SlaveTransmit  i2c_stm32f4xx.o
    0x08004468   0x08004468   0x0000002e   Code   RO          388    .text.I2C_Uninitialize  i2c_stm32f4xx.o
    0x08004496   0x08004496   0x00000002   PAD
    0x08004498   0x08004498   0x00000026   Code   RO          199    .text.Init_MsgQueue_pot  pot.o
    0x080044be   0x080044be   0x00000002   PAD
    0x080044c0   0x080044c0   0x0000002a   Code   RO          229    .text.Init_Th_pwm   pwm.o
    0x080044ea   0x080044ea   0x00000002   PAD
    0x080044ec   0x080044ec   0x0000004a   Code   RO           86    .text.Init_Thread_COM  com.o
    0x08004536   0x08004536   0x00000002   PAD
    0x08004538   0x08004538   0x0000002a   Code   RO          115    .text.Init_Thread_Joystick  joystick.o
    0x08004562   0x08004562   0x00000002   PAD
    0x08004564   0x08004564   0x0000002c   Code   RO           56    .text.Init_Thread_clock  clock.o
    0x08004590   0x08004590   0x00000048   Code   RO          152    .text.Init_Thread_lcd  lcd.o
    0x080045d8   0x080045d8   0x0000002a   Code   RO          201    .text.Init_Thread_pot  pot.o
    0x08004602   0x08004602   0x00000002   PAD
    0x08004604   0x08004604   0x00000056   Code   RO           18    .text.Init_Thread_principal  principal.o
    0x0800465a   0x0800465a   0x00000002   PAD
    0x0800465c   0x0800465c   0x0000002a   Code   RO          285    .text.Init_Thread_rgb  rgb.o
    0x08004686   0x08004686   0x00000002   PAD
    0x08004688   0x08004688   0x0000002a   Code   RO          254    .text.Init_Thread_temp  temp.o
    0x080046b2   0x080046b2   0x00000002   PAD
    0x080046b4   0x080046b4   0x00000034   Code   RO           88    .text.Init_USART    com.o
    0x080046e8   0x080046e8   0x00000040   Code   RO           94    .text.Init_queue_COM  com.o
    0x08004728   0x08004728   0x00000026   Code   RO          113    .text.Init_queue_joystick  joystick.o
    0x0800474e   0x0800474e   0x00000002   PAD
    0x08004750   0x08004750   0x00000026   Code   RO          150    .text.Init_queue_lcd  lcd.o
    0x08004776   0x08004776   0x00000002   PAD
    0x08004778   0x08004778   0x00000026   Code   RO          227    .text.Init_queue_pwm  pwm.o
    0x0800479e   0x0800479e   0x00000002   PAD
    0x080047a0   0x080047a0   0x00000026   Code   RO          283    .text.Init_queue_rgb  rgb.o
    0x080047c6   0x080047c6   0x00000002   PAD
    0x080047c8   0x080047c8   0x00000026   Code   RO          258    .text.Init_queue_temp  temp.o
    0x080047ee   0x080047ee   0x00000002   PAD
    0x080047f0   0x080047f0   0x0000009a   Code   RO          289    .text.Init_rgb      rgb.o
    0x0800488a   0x0800488a   0x00000002   PAD
    0x0800488c   0x0800488c   0x00000050   Code   RO          158    .text.LCD_init      lcd.o
    0x080048dc   0x080048dc   0x0000013a   Code   RO          162    .text.LCD_reset     lcd.o
    0x08004a16   0x08004a16   0x00000002   PAD
    0x08004a18   0x08004a18   0x00000014   Code   RO          166    .text.LCD_symbolToLocalBuffer  lcd.o
    0x08004a2c   0x08004a2c   0x00000060   Code   RO          170    .text.LCD_symbolToLocalBuffer_L1  lcd.o
    0x08004a8c   0x08004a8c   0x0000006a   Code   RO          172    .text.LCD_symbolToLocalBuffer_L2  lcd.o
    0x08004af6   0x08004af6   0x00000002   PAD
    0x08004af8   0x08004af8   0x000000b8   Code   RO          168    .text.LCD_update    lcd.o
    0x08004bb0   0x08004bb0   0x0000005a   Code   RO          164    .text.LCD_wr_cmd    lcd.o
    0x08004c0a   0x08004c0a   0x00000002   PAD
    0x08004c0c   0x08004c0c   0x0000005a   Code   RO          174    .text.LCD_wr_data   lcd.o
    0x08004c66   0x08004c66   0x00000040   Code   RO         2103    .text.MessageQueueGet  RTX_CM3.lib(rtx_msgqueue.o)
    0x08004ca6   0x08004ca6   0x00000058   Code   RO         2097    .text.MessageQueuePut  RTX_CM3.lib(rtx_msgqueue.o)
    0x08004cfe   0x08004cfe   0x0000001c   Code   RO         2095    .text.MessageQueueRemove  RTX_CM3.lib(rtx_msgqueue.o)
    0x08004d1a   0x08004d1a   0x00000002   PAD
    0x08004d1c   0x08004d1c   0x0000002c   Code   RO          747    .text.NVIC_EncodePriority  stm32f4xx_hal_cortex.o
    0x08004d48   0x08004d48   0x00000008   Code   RO         2214    .text.OS_Tick_AcknowledgeIRQ  RTX_CM3.lib(os_systick.o)
    0x08004d50   0x08004d50   0x00000024   Code   RO         2210    .text.OS_Tick_Enable  RTX_CM3.lib(os_systick.o)
    0x08004d74   0x08004d74   0x00000006   Code   RO         2216    .text.OS_Tick_GetIRQn  RTX_CM3.lib(os_systick.o)
    0x08004d7a   0x08004d7a   0x00000002   PAD
    0x08004d7c   0x08004d7c   0x00000040   Code   RO         2208    .text.OS_Tick_Setup  RTX_CM3.lib(os_systick.o)
    0x08004dbc   0x08004dbc   0x0000000c   Code   RO         1823    .text.OUTLINED_FUNCTION_0  RTX_CM3.lib(rtx_kernel.o)
    0x08004dc8   0x08004dc8   0x00000006   Code   RO         1965    .text.OUTLINED_FUNCTION_0  RTX_CM3.lib(rtx_thread.o)
    0x08004dce   0x08004dce   0x0000000c   Code   RO         2111    .text.OUTLINED_FUNCTION_0  RTX_CM3.lib(rtx_msgqueue.o)
    0x08004dda   0x08004dda   0x00000006   Code   RO         1825    .text.OUTLINED_FUNCTION_1  RTX_CM3.lib(rtx_kernel.o)
    0x08004de0   0x08004de0   0x00000008   Code   RO          438    .text.SPI1_Control  spi_stm32f4xx.o
    0x08004de8   0x08004de8   0x00000008   Code   RO          436    .text.SPI1_GetDataCount  spi_stm32f4xx.o
    0x08004df0   0x08004df0   0x00000008   Code   RO          440    .text.SPI1_GetStatus  spi_stm32f4xx.o
    0x08004df8   0x08004df8   0x00000008   Code   RO          416    .text.SPI1_IRQHandler  spi_stm32f4xx.o
    0x08004e00   0x08004e00   0x0000000a   Code   RO          424    .text.SPI1_Initialize  spi_stm32f4xx.o
    0x08004e0a   0x08004e0a   0x00000002   PAD
    0x08004e0c   0x08004e0c   0x00000008   Code   RO          428    .text.SPI1_PowerControl  spi_stm32f4xx.o
    0x08004e14   0x08004e14   0x00000008   Code   RO          432    .text.SPI1_Receive  spi_stm32f4xx.o
    0x08004e1c   0x08004e1c   0x00000008   Code   RO          430    .text.SPI1_Send     spi_stm32f4xx.o
    0x08004e24   0x08004e24   0x00000008   Code   RO          434    .text.SPI1_Transfer  spi_stm32f4xx.o
    0x08004e2c   0x08004e2c   0x0000000a   Code   RO          426    .text.SPI1_Uninitialize  spi_stm32f4xx.o
    0x08004e36   0x08004e36   0x00000002   PAD
    0x08004e38   0x08004e38   0x00000004   Code   RO          422    .text.SPIX_GetCapabilities  spi_stm32f4xx.o
    0x08004e3c   0x08004e3c   0x0000000a   Code   RO          420    .text.SPIX_GetVersion  spi_stm32f4xx.o
    0x08004e46   0x08004e46   0x00000002   PAD
    0x08004e48   0x08004e48   0x000002d8   Code   RO          454    .text.SPI_Control   spi_stm32f4xx.o
    0x08005120   0x08005120   0x0000000c   Code   RO          472    .text.SPI_GetDataCount  spi_stm32f4xx.o
    0x0800512c   0x0800512c   0x00000028   Code   RO          474    .text.SPI_GetStatus  spi_stm32f4xx.o
    0x08005154   0x08005154   0x000000f0   Code   RO          418    .text.SPI_IRQHandler  spi_stm32f4xx.o
    0x08005244   0x08005244   0x000000a0   Code   RO          446    .text.SPI_Initialize  spi_stm32f4xx.o
    0x080052e4   0x080052e4   0x00000022   Code   RO          456    .text.SPI_PeripheralReset  spi_stm32f4xx.o
    0x08005306   0x08005306   0x00000002   PAD
    0x08005308   0x08005308   0x000000c2   Code   RO          452    .text.SPI_PowerControl  spi_stm32f4xx.o
    0x080053ca   0x080053ca   0x00000002   PAD
    0x080053cc   0x080053cc   0x00000082   Code   RO          468    .text.SPI_Receive   spi_stm32f4xx.o
    0x0800544e   0x0800544e   0x00000002   PAD
    0x08005450   0x08005450   0x0000005a   Code   RO          442    .text.SPI_RxData    spi_stm32f4xx.o
    0x080054aa   0x080054aa   0x00000002   PAD
    0x080054ac   0x080054ac   0x00000082   Code   RO          466    .text.SPI_Send      spi_stm32f4xx.o
    0x0800552e   0x0800552e   0x00000002   PAD
    0x08005530   0x08005530   0x0000003a   Code   RO          470    .text.SPI_Transfer  spi_stm32f4xx.o
    0x0800556a   0x0800556a   0x00000002   PAD
    0x0800556c   0x0800556c   0x0000005c   Code   RO          444    .text.SPI_TxData    spi_stm32f4xx.o
    0x080055c8   0x080055c8   0x00000032   Code   RO          450    .text.SPI_Uninitialize  spi_stm32f4xx.o
    0x080055fa   0x080055fa   0x00000002   PAD
    0x080055fc   0x080055fc   0x0000002e   Code   RO          763    .text.SysTick_Config  stm32f4xx_hal_cortex.o
    0x0800562a   0x0800562a   0x00000002   PAD
    0x0800562c   0x0800562c   0x0000009e   Code   RO            6    .text.SystemClock_Config  main.o
    0x080056ca   0x080056ca   0x00000002   PAD
    0x080056cc   0x080056cc   0x0000007e   Code   RO         1752    .text.SystemCoreClockUpdate  system_stm32f4xx.o
    0x0800574a   0x0800574a   0x00000002   PAD
    0x0800574c   0x0800574c   0x00000010   Code   RO         1750    .text.SystemInit    system_stm32f4xx.o
    0x0800575c   0x0800575c   0x00000124   Code   RO         1327    .text.TIM_Base_SetConfig  stm32f4xx_hal_tim.o
    0x08005880   0x08005880   0x00000024   Code   RO         1361    .text.TIM_CCxChannelCmd  stm32f4xx_hal_tim.o
    0x080058a4   0x080058a4   0x00000064   Code   RO         1471    .text.TIM_OC1_SetConfig  stm32f4xx_hal_tim.o
    0x08005908   0x08005908   0x0000006a   Code   RO         1473    .text.TIM_OC2_SetConfig  stm32f4xx_hal_tim.o
    0x08005972   0x08005972   0x00000002   PAD
    0x08005974   0x08005974   0x00000068   Code   RO         1475    .text.TIM_OC3_SetConfig  stm32f4xx_hal_tim.o
    0x080059dc   0x080059dc   0x0000004e   Code   RO         1477    .text.TIM_OC4_SetConfig  stm32f4xx_hal_tim.o
    0x08005a2a   0x08005a2a   0x00000002   PAD
    0x08005a2c   0x08005a2c   0x000001a2   Code   RO          203    .text.Th_pot1_pot2  pot.o
    0x08005bce   0x08005bce   0x00000002   PAD
    0x08005bd0   0x08005bd0   0x0000008c   Code   RO          231    .text.Th_pwm        pwm.o
    0x08005c5c   0x08005c5c   0x00000064   Code   RO         1917    .text.ThreadFlagsCheck  RTX_CM3.lib(rtx_thread.o)
    0x08005cc0   0x08005cc0   0x00000b98   Code   RO           20    .text.Thread_Main   principal.o
    0x08006858   0x08006858   0x00000130   Code   RO           90    .text.Thread_RX     com.o
    0x08006988   0x08006988   0x000000ba   Code   RO           92    .text.Thread_TX     com.o
    0x08006a42   0x08006a42   0x00000002   PAD
    0x08006a44   0x08006a44   0x00000034   Code   RO           58    .text.Thread_clock  clock.o
    0x08006a78   0x08006a78   0x00000174   Code   RO          117    .text.Thread_joy_Joystick  joystick.o
    0x08006bec   0x08006bec   0x00000072   Code   RO          154    .text.Thread_lcd    lcd.o
    0x08006c5e   0x08006c5e   0x00000002   PAD
    0x08006c60   0x08006c60   0x00000036   Code   RO          287    .text.Thread_rgb    rgb.o
    0x08006c96   0x08006c96   0x00000002   PAD
    0x08006c98   0x08006c98   0x000000be   Code   RO          256    .text.Thread_temp   temp.o
    0x08006d56   0x08006d56   0x00000002   PAD
    0x08006d58   0x08006d58   0x00000044   Code   RO         2001    .text.TimerInsert   RTX_CM3.lib(rtx_timer.o)
    0x08006d9c   0x08006d9c   0x00000028   Code   RO         2009    .text.TimerRemove   RTX_CM3.lib(rtx_timer.o)
    0x08006dc4   0x08006dc4   0x00000008   Code   RO          516    .text.USART3_Control  usart_stm32f4xx.o
    0x08006dcc   0x08006dcc   0x00000006   Code   RO          498    .text.USART3_GetCapabilities  usart_stm32f4xx.o
    0x08006dd2   0x08006dd2   0x00000002   PAD
    0x08006dd4   0x08006dd4   0x00000008   Code   RO          522    .text.USART3_GetModemStatus  usart_stm32f4xx.o
    0x08006ddc   0x08006ddc   0x00000008   Code   RO          514    .text.USART3_GetRxCount  usart_stm32f4xx.o
    0x08006de4   0x08006de4   0x00000008   Code   RO          518    .text.USART3_GetStatus  usart_stm32f4xx.o
    0x08006dec   0x08006dec   0x00000008   Code   RO          512    .text.USART3_GetTxCount  usart_stm32f4xx.o
    0x08006df4   0x08006df4   0x00000010   Code   RO          494    .text.USART3_IRQHandler  usart_stm32f4xx.o
    0x08006e04   0x08006e04   0x0000000a   Code   RO          500    .text.USART3_Initialize  usart_stm32f4xx.o
    0x08006e0e   0x08006e0e   0x00000002   PAD
    0x08006e10   0x08006e10   0x00000008   Code   RO          504    .text.USART3_PowerControl  usart_stm32f4xx.o
    0x08006e18   0x08006e18   0x00000008   Code   RO          508    .text.USART3_Receive  usart_stm32f4xx.o
    0x08006e20   0x08006e20   0x00000008   Code   RO          506    .text.USART3_Send   usart_stm32f4xx.o
    0x08006e28   0x08006e28   0x00000008   Code   RO          520    .text.USART3_SetModemControl  usart_stm32f4xx.o
    0x08006e30   0x08006e30   0x00000008   Code   RO          510    .text.USART3_Transfer  usart_stm32f4xx.o
    0x08006e38   0x08006e38   0x0000000a   Code   RO          502    .text.USART3_Uninitialize  usart_stm32f4xx.o
    0x08006e42   0x08006e42   0x00000002   PAD
    0x08006e44   0x08006e44   0x00000596   Code   RO          548    .text.USART_Control  usart_stm32f4xx.o
    0x080073da   0x080073da   0x00000002   PAD
    0x080073dc   0x080073dc   0x00000004   Code   RO          554    .text.USART_GetModemStatus  usart_stm32f4xx.o
    0x080073e0   0x080073e0   0x0000000c   Code   RO          546    .text.USART_GetRxCount  usart_stm32f4xx.o
    0x080073ec   0x080073ec   0x0000006a   Code   RO          550    .text.USART_GetStatus  usart_stm32f4xx.o
    0x08007456   0x08007456   0x00000002   PAD
    0x08007458   0x08007458   0x0000000c   Code   RO          544    .text.USART_GetTxCount  usart_stm32f4xx.o
    0x08007464   0x08007464   0x00000202   Code   RO          492    .text.USART_IRQHandler  usart_stm32f4xx.o
    0x08007666   0x08007666   0x00000002   PAD
    0x08007668   0x08007668   0x00000046   Code   RO          524    .text.USART_Initialize  usart_stm32f4xx.o
    0x080076ae   0x080076ae   0x00000002   PAD
    0x080076b0   0x080076b0   0x0000018a   Code   RO          536    .text.USART_PeripheralReset  usart_stm32f4xx.o
    0x0800783a   0x0800783a   0x00000002   PAD
    0x0800783c   0x0800783c   0x000000c6   Code   RO          530    .text.USART_PowerControl  usart_stm32f4xx.o
    0x08007902   0x08007902   0x00000002   PAD
    0x08007904   0x08007904   0x00000094   Code   RO          540    .text.USART_Receive  usart_stm32f4xx.o
    0x08007998   0x08007998   0x00000080   Code   RO          538    .text.USART_Send    usart_stm32f4xx.o
    0x08007a18   0x08007a18   0x00000054   Code   RO          552    .text.USART_SetModemControl  usart_stm32f4xx.o
    0x08007a6c   0x08007a6c   0x00000054   Code   RO          542    .text.USART_Transfer  usart_stm32f4xx.o
    0x08007ac0   0x08007ac0   0x0000002c   Code   RO          528    .text.USART_Uninitialize  usart_stm32f4xx.o
    0x08007aec   0x08007aec   0x0000000a   Code   RO          496    .text.USARTx_GetVersion  usart_stm32f4xx.o
    0x08007af6   0x08007af6   0x00000002   PAD
    0x08007af8   0x08007af8   0x0000000e   Code   RO          462    .text.__NVIC_ClearPendingIRQ  spi_stm32f4xx.o
    0x08007b06   0x08007b06   0x00000002   PAD
    0x08007b08   0x08007b08   0x0000000e   Code   RO          532    .text.__NVIC_ClearPendingIRQ  usart_stm32f4xx.o
    0x08007b16   0x08007b16   0x00000002   PAD
    0x08007b18   0x08007b18   0x00000020   Code   RO          789    .text.__NVIC_ClearPendingIRQ  stm32f4xx_hal_cortex.o
    0x08007b38   0x08007b38   0x00000028   Code   RO          755    .text.__NVIC_DisableIRQ  stm32f4xx_hal_cortex.o
    0x08007b60   0x08007b60   0x0000000e   Code   RO          464    .text.__NVIC_EnableIRQ  spi_stm32f4xx.o
    0x08007b6e   0x08007b6e   0x00000002   PAD
    0x08007b70   0x08007b70   0x0000000e   Code   RO          534    .text.__NVIC_EnableIRQ  usart_stm32f4xx.o
    0x08007b7e   0x08007b7e   0x00000002   PAD
    0x08007b80   0x08007b80   0x00000020   Code   RO          751    .text.__NVIC_EnableIRQ  stm32f4xx_hal_cortex.o
    0x08007ba0   0x08007ba0   0x00000010   Code   RO          743    .text.__NVIC_GetPriorityGrouping  stm32f4xx_hal_cortex.o
    0x08007bb0   0x08007bb0   0x00000022   Code   RO          745    .text.__NVIC_SetPriority  stm32f4xx_hal_cortex.o
    0x08007bd2   0x08007bd2   0x00000002   PAD
    0x08007bd4   0x08007bd4   0x00000020   Code   RO          739    .text.__NVIC_SetPriorityGrouping  stm32f4xx_hal_cortex.o
    0x08007bf4   0x08007bf4   0x00000056   Code   RO          307    .text.__user_perthread_libspace  rtx_lib.o
    0x08007c4a   0x08007c4a   0x00000002   PAD
    0x08007c4c   0x08007c4c   0x0000001a   Code   RO          313    .text._mutex_acquire  rtx_lib.o
    0x08007c66   0x08007c66   0x00000002   PAD
    0x08007c68   0x08007c68   0x0000000a   Code   RO          317    .text._mutex_free   rtx_lib.o
    0x08007c72   0x08007c72   0x00000002   PAD
    0x08007c74   0x08007c74   0x00000020   Code   RO          311    .text._mutex_initialize  rtx_lib.o
    0x08007c94   0x08007c94   0x00000016   Code   RO          315    .text._mutex_release  rtx_lib.o
    0x08007caa   0x08007caa   0x00000002   PAD
    0x08007cac   0x08007cac   0x00000008   Code   RO          305    .text._platform_post_stackheap_init  rtx_lib.o
    0x08007cb4   0x08007cb4   0x00000134   Code   RO           24    .text.agregarMedida  principal.o
    0x08007de8   0x08007de8   0x00000032   Code   RO           28    .text.clean_buffer  principal.o
    0x08007e1a   0x08007e1a   0x00000002   PAD
    0x08007e1c   0x08007e1c   0x00000054   Code   RO           66    .text.cnt_to_hhmmss  clock.o
    0x08007e70   0x08007e70   0x0000010e   Code   RO          160    .text.dataToBuffer  lcd.o
    0x08007f7e   0x08007f7e   0x00000002   PAD
    0x08007f80   0x08007f80   0x00000016   Code   RO           60    .text.hhmmss_to_cnt  clock.o
    0x08007f96   0x08007f96   0x00000002   PAD
    0x08007f98   0x08007f98   0x00000014   Code   RO          264    .text.i2c_Callback  temp.o
    0x08007fac   0x08007fac   0x00000040   Code   RO          260    .text.i2c_init      temp.o
    0x08007fec   0x08007fec   0x0000000c   Code   RO           82    .text.id_Queue_PC_SIS  com.o
    0x08007ff8   0x08007ff8   0x0000000c   Code   RO           84    .text.id_Queue_SIS_PC  com.o
    0x08008004   0x08008004   0x0000000c   Code   RO          129    .text.id_Queue_joystick  joystick.o
    0x08008010   0x08008010   0x0000000c   Code   RO          148    .text.id_Queue_lcd  lcd.o
    0x0800801c   0x0800801c   0x0000000c   Code   RO          233    .text.id_Queue_pwm  pwm.o
    0x08008028   0x08008028   0x0000000c   Code   RO          281    .text.id_Queue_rgb  rgb.o
    0x08008034   0x08008034   0x0000000c   Code   RO          252    .text.id_Queue_temp  temp.o
    0x08008040   0x08008040   0x0000000c   Code   RO          197    .text.id_queue_pot  pot.o
    0x0800804c   0x0800804c   0x000000ac   Code   RO          119    .text.joystick_init  joystick.o
    0x080080f8   0x080080f8   0x0000001a   Code   RO            4    .text.main          main.o
    0x08008112   0x08008112   0x00000002   PAD
    0x08008114   0x08008114   0x0000002c   Code   RO         1775    .text.osKernelGetState  RTX_CM3.lib(rtx_kernel.o)
    0x08008140   0x08008140   0x00000028   Code   RO         1791    .text.osKernelGetTickCount  RTX_CM3.lib(rtx_kernel.o)
    0x08008168   0x08008168   0x0000002c   Code   RO         1769    .text.osKernelInitialize  RTX_CM3.lib(rtx_kernel.o)
    0x08008194   0x08008194   0x00000024   Code   RO         1779    .text.osKernelStart  RTX_CM3.lib(rtx_kernel.o)
    0x080081b8   0x080081b8   0x00000070   Code   RO         2071    .text.osMessageQueueGet  RTX_CM3.lib(rtx_msgqueue.o)
    0x08008228   0x08008228   0x00000024   Code   RO         2065    .text.osMessageQueueNew  RTX_CM3.lib(rtx_msgqueue.o)
    0x0800824c   0x0800824c   0x00000080   Code   RO         2069    .text.osMessageQueuePut  RTX_CM3.lib(rtx_msgqueue.o)
    0x080082cc   0x080082cc   0x00000024   Code   RO         2033    .text.osMutexAcquire  RTX_CM3.lib(rtx_mutex.o)
    0x080082f0   0x080082f0   0x00000024   Code   RO         2039    .text.osMutexDelete  RTX_CM3.lib(rtx_mutex.o)
    0x08008314   0x08008314   0x00000024   Code   RO         2029    .text.osMutexNew    RTX_CM3.lib(rtx_mutex.o)
    0x08008338   0x08008338   0x00000024   Code   RO         2035    .text.osMutexRelease  RTX_CM3.lib(rtx_mutex.o)
    0x0800835c   0x0800835c   0x00000002   Code   RO          343    .text.osRtxErrorNotify  rtx_config.o
    0x0800835e   0x0800835e   0x00000002   PAD
    0x08008360   0x08008360   0x00000002   Code   RO          341    .text.osRtxIdleThread  rtx_config.o
    0x08008362   0x08008362   0x00000004   Code   RO         1767    .text.osRtxKernelErrorNotify  RTX_CM3.lib(rtx_kernel.o)
    0x08008366   0x08008366   0x00000002   Code   RO         1765    .text.osRtxKernelPreInit  RTX_CM3.lib(rtx_kernel.o)
    0x08008368   0x08008368   0x0000006c   Code   RO         2130    .text.osRtxMemoryAlloc  RTX_CM3.lib(rtx_memory.o)
    0x080083d4   0x080083d4   0x00000042   Code   RO         2132    .text.osRtxMemoryFree  RTX_CM3.lib(rtx_memory.o)
    0x08008416   0x08008416   0x00000036   Code   RO         2128    .text.osRtxMemoryInit  RTX_CM3.lib(rtx_memory.o)
    0x0800844c   0x0800844c   0x0000003a   Code   RO         2144    .text.osRtxMemoryPoolAlloc  RTX_CM3.lib(rtx_mempool.o)
    0x08008486   0x08008486   0x0000004a   Code   RO         2146    .text.osRtxMemoryPoolFree  RTX_CM3.lib(rtx_mempool.o)
    0x080084d0   0x080084d0   0x00000038   Code   RO         2142    .text.osRtxMemoryPoolInit  RTX_CM3.lib(rtx_mempool.o)
    0x08008508   0x08008508   0x000000aa   Code   RO         2093    .text.osRtxMessageQueuePostProcess  RTX_CM3.lib(rtx_msgqueue.o)
    0x080085b2   0x080085b2   0x00000002   PAD
    0x080085b4   0x080085b4   0x00000024   Code   RO         2061    .text.osRtxMessageQueueTimerSetup  RTX_CM3.lib(rtx_msgqueue.o)
    0x080085d8   0x080085d8   0x00000048   Code   RO         2025    .text.osRtxMutexOwnerRelease  RTX_CM3.lib(rtx_mutex.o)
    0x08008620   0x08008620   0x00000042   Code   RO         2027    .text.osRtxMutexOwnerRestore  RTX_CM3.lib(rtx_mutex.o)
    0x08008662   0x08008662   0x00000002   PAD
    0x08008664   0x08008664   0x00000088   Code   RO         2196    .text.osRtxPendSV_Handler  RTX_CM3.lib(rtx_system.o)
    0x080086ec   0x080086ec   0x00000070   Code   RO         2198    .text.osRtxPostProcess  RTX_CM3.lib(rtx_system.o)
    0x0800875c   0x0800875c   0x00000034   Code   RO         1857    .text.osRtxThreadBlock  RTX_CM3.lib(rtx_thread.o)
    0x08008790   0x08008790   0x0000007c   Code   RO         1865    .text.osRtxThreadDelayInsert  RTX_CM3.lib(rtx_thread.o)
    0x0800880c   0x0800880c   0x0000003c   Code   RO         1861    .text.osRtxThreadDelayRemove  RTX_CM3.lib(rtx_thread.o)
    0x08008848   0x08008848   0x00000048   Code   RO         1847    .text.osRtxThreadDelayTick  RTX_CM3.lib(rtx_thread.o)
    0x08008890   0x08008890   0x00000020   Code   RO         1949    .text.osRtxThreadDestroy  RTX_CM3.lib(rtx_thread.o)
    0x080088b0   0x080088b0   0x00000050   Code   RO         1855    .text.osRtxThreadDispatch  RTX_CM3.lib(rtx_thread.o)
    0x08008900   0x08008900   0x00000058   Code   RO         1941    .text.osRtxThreadFree  RTX_CM3.lib(rtx_thread.o)
    0x08008958   0x08008958   0x0000001e   Code   RO         1947    .text.osRtxThreadJoinWakeup  RTX_CM3.lib(rtx_thread.o)
    0x08008976   0x08008976   0x00000012   Code   RO         1839    .text.osRtxThreadListGet  RTX_CM3.lib(rtx_thread.o)
    0x08008988   0x08008988   0x0000002c   Code   RO         1837    .text.osRtxThreadListPut  RTX_CM3.lib(rtx_thread.o)
    0x080089b4   0x080089b4   0x00000014   Code   RO         1843    .text.osRtxThreadListRemove  RTX_CM3.lib(rtx_thread.o)
    0x080089c8   0x080089c8   0x0000000c   Code   RO         1849    .text.osRtxThreadListRoot  RTX_CM3.lib(rtx_thread.o)
    0x080089d4   0x080089d4   0x00000026   Code   RO         1841    .text.osRtxThreadListSort  RTX_CM3.lib(rtx_thread.o)
    0x080089fa   0x080089fa   0x00000028   Code   RO         1915    .text.osRtxThreadPostProcess  RTX_CM3.lib(rtx_thread.o)
    0x08008a22   0x08008a22   0x00000002   PAD
    0x08008a24   0x08008a24   0x00000014   Code   RO         1845    .text.osRtxThreadReadyPut  RTX_CM3.lib(rtx_thread.o)
    0x08008a38   0x08008a38   0x00000006   Code   RO         1851    .text.osRtxThreadRegPtr  RTX_CM3.lib(rtx_thread.o)
    0x08008a3e   0x08008a3e   0x00000002   PAD
    0x08008a40   0x08008a40   0x00000038   Code   RO         1867    .text.osRtxThreadStartup  RTX_CM3.lib(rtx_thread.o)
    0x08008a78   0x08008a78   0x0000000c   Code   RO         1853    .text.osRtxThreadSwitch  RTX_CM3.lib(rtx_thread.o)
    0x08008a84   0x08008a84   0x0000003c   Code   RO         1863    .text.osRtxThreadWaitEnter  RTX_CM3.lib(rtx_thread.o)
    0x08008ac0   0x08008ac0   0x00000022   Code   RO         1859    .text.osRtxThreadWaitExit  RTX_CM3.lib(rtx_thread.o)
    0x08008ae2   0x08008ae2   0x00000002   PAD
    0x08008ae4   0x08008ae4   0x00000074   Code   RO         2194    .text.osRtxTick_Handler  RTX_CM3.lib(rtx_system.o)
    0x08008b58   0x08008b58   0x00000020   Code   RO         1983    .text.osRtxTimerSetup  RTX_CM3.lib(rtx_timer.o)
    0x08008b78   0x08008b78   0x00000020   Code   RO         1987    .text.osRtxTimerThread  RTX_CM3.lib(rtx_timer.o)
    0x08008b98   0x08008b98   0x00000070   Code   RO         1985    .text.osRtxTimerTick  RTX_CM3.lib(rtx_timer.o)
    0x08008c08   0x08008c08   0x0000000c   Code   RO         1899    .text.osThreadExit  RTX_CM3.lib(rtx_thread.o)
    0x08008c14   0x08008c14   0x00000058   Code   RO         1907    .text.osThreadFlagsSet  RTX_CM3.lib(rtx_thread.o)
    0x08008c6c   0x08008c6c   0x00000024   Code   RO         1913    .text.osThreadFlagsWait  RTX_CM3.lib(rtx_thread.o)
    0x08008c90   0x08008c90   0x00000028   Code   RO         1875    .text.osThreadGetId  RTX_CM3.lib(rtx_thread.o)
    0x08008cb8   0x08008cb8   0x00000024   Code   RO         1871    .text.osThreadNew   RTX_CM3.lib(rtx_thread.o)
    0x08008cdc   0x08008cdc   0x00000024   Code   RO         1989    .text.osTimerNew    RTX_CM3.lib(rtx_timer.o)
    0x08008d00   0x08008d00   0x00000024   Code   RO         1993    .text.osTimerStart  RTX_CM3.lib(rtx_timer.o)
    0x08008d24   0x08008d24   0x00000024   Code   RO         1995    .text.osTimerStop   RTX_CM3.lib(rtx_timer.o)
    0x08008d48   0x08008d48   0x0000001e   Code   RO          309    .text.os_kernel_is_active  rtx_lib.o
    0x08008d66   0x08008d66   0x00000002   PAD
    0x08008d68   0x08008d68   0x0000003a   Code   RO           62    .text.poner_hora    clock.o
    0x08008da2   0x08008da2   0x00000002   PAD
    0x08008da4   0x08008da4   0x000001b4   Code   RO           26    .text.procesarComandosRS232  principal.o
    0x08008f58   0x08008f58   0x00000098   Code   RO          235    .text.pwm_init      pwm.o
    0x08008ff0   0x08008ff0   0x00000068   Code   RO          291    .text.rgb           rgb.o
    0x08009058   0x08009058   0x00000008   Code   RO         1777    .text.svcRtxKernelGetState  RTX_CM3.lib(rtx_kernel.o)
    0x08009060   0x08009060   0x0000000c   Code   RO         1793    .text.svcRtxKernelGetTickCount  RTX_CM3.lib(rtx_kernel.o)
    0x0800906c   0x0800906c   0x000000f8   Code   RO         1807    .text.svcRtxKernelInitialize  RTX_CM3.lib(rtx_kernel.o)
    0x08009164   0x08009164   0x00000084   Code   RO         1809    .text.svcRtxKernelStart  RTX_CM3.lib(rtx_kernel.o)
    0x080091e8   0x080091e8   0x000000d4   Code   RO         2105    .text.svcRtxMessageQueueGet  RTX_CM3.lib(rtx_msgqueue.o)
    0x080092bc   0x080092bc   0x00000118   Code   RO         2063    .text.svcRtxMessageQueueNew  RTX_CM3.lib(rtx_msgqueue.o)
    0x080093d4   0x080093d4   0x000000b0   Code   RO         2101    .text.svcRtxMessageQueuePut  RTX_CM3.lib(rtx_msgqueue.o)
    0x08009484   0x08009484   0x00000090   Code   RO         2045    .text.svcRtxMutexAcquire  RTX_CM3.lib(rtx_mutex.o)
    0x08009514   0x08009514   0x000000ac   Code   RO         2051    .text.svcRtxMutexDelete  RTX_CM3.lib(rtx_mutex.o)
    0x080095c0   0x080095c0   0x00000068   Code   RO         2041    .text.svcRtxMutexNew  RTX_CM3.lib(rtx_mutex.o)
    0x08009628   0x08009628   0x000000b4   Code   RO         2047    .text.svcRtxMutexRelease  RTX_CM3.lib(rtx_mutex.o)
    0x080096dc   0x080096dc   0x0000004c   Code   RO         1945    .text.svcRtxThreadExit  RTX_CM3.lib(rtx_thread.o)
    0x08009728   0x08009728   0x00000066   Code   RO         1957    .text.svcRtxThreadFlagsSet  RTX_CM3.lib(rtx_thread.o)
    0x0800978e   0x0800978e   0x00000002   PAD
    0x08009790   0x08009790   0x00000048   Code   RO         1963    .text.svcRtxThreadFlagsWait  RTX_CM3.lib(rtx_thread.o)
    0x080097d8   0x080097d8   0x0000000c   Code   RO         1877    .text.svcRtxThreadGetId  RTX_CM3.lib(rtx_thread.o)
    0x080097e4   0x080097e4   0x000001ec   Code   RO         1869    .text.svcRtxThreadNew  RTX_CM3.lib(rtx_thread.o)
    0x080099d0   0x080099d0   0x00000074   Code   RO         2003    .text.svcRtxTimerNew  RTX_CM3.lib(rtx_timer.o)
    0x08009a44   0x08009a44   0x00000048   Code   RO         2007    .text.svcRtxTimerStart  RTX_CM3.lib(rtx_timer.o)
    0x08009a8c   0x08009a8c   0x00000028   Code   RO         2011    .text.svcRtxTimerStop  RTX_CM3.lib(rtx_timer.o)
    0x08009ab4   0x08009ab4   0x00000014   Code   RO           22    .text.tim_disp_Callback  principal.o
    0x08009ac8   0x08009ac8   0x00000014   Code   RO          262    .text.tim_i2c_Callback  temp.o
    0x08009adc   0x08009adc   0x00000014   Code   RO          123    .text.tim_pul_L_Callback  joystick.o
    0x08009af0   0x08009af0   0x00000014   Code   RO          121    .text.tim_reb_Callback  joystick.o
    0x08009b04   0x08009b04   0x00000014   Code   RO          156    .text.tim_reset_Callback  lcd.o
    0x08009b18   0x08009b18   0x00000022   Code   RO           64    .text.tim_sec_Callback  clock.o
    0x08009b3a   0x08009b3a   0x00000002   PAD
    0x08009b3c   0x08009b3c   0x00000014   Code   RO          211    .text.tim_temp_Callback  pot.o
    0x08009b50   0x08009b50   0x0000003e   Code   RO         2453    CL$$btod_d2e        c_w.l(btod.o)
    0x08009b8e   0x08009b8e   0x00000046   Code   RO         2455    CL$$btod_d2e_denorm_low  c_w.l(btod.o)
    0x08009bd4   0x08009bd4   0x00000060   Code   RO         2454    CL$$btod_d2e_norm_op1  c_w.l(btod.o)
    0x08009c34   0x08009c34   0x00000338   Code   RO         2463    CL$$btod_div_common  c_w.l(btod.o)
    0x08009f6c   0x08009f6c   0x00000084   Code   RO         2461    CL$$btod_e2d        c_w.l(btod.o)
    0x08009ff0   0x08009ff0   0x000000dc   Code   RO         2460    CL$$btod_e2e        c_w.l(btod.o)
    0x0800a0cc   0x0800a0cc   0x0000002a   Code   RO         2457    CL$$btod_ediv       c_w.l(btod.o)
    0x0800a0f6   0x0800a0f6   0x0000002a   Code   RO         2459    CL$$btod_edivd      c_w.l(btod.o)
    0x0800a120   0x0800a120   0x0000002a   Code   RO         2456    CL$$btod_emul       c_w.l(btod.o)
    0x0800a14a   0x0800a14a   0x0000002a   Code   RO         2458    CL$$btod_emuld      c_w.l(btod.o)
    0x0800a174   0x0800a174   0x00000244   Code   RO         2462    CL$$btod_mult_common  c_w.l(btod.o)
    0x0800a3b8   0x0800a3b8   0x00000028   Code   RO         2499    i.__ARM_fpclassify  m_ws.l(fpclassify.o)
    0x0800a3e0   0x0800a3e0   0x0000000e   Code   RO         2633    i.__mathlib_dbl_overflow  m_ws.l(dunder.o)
    0x0800a3ee   0x0800a3ee   0x00000002   PAD
    0x0800a3f0   0x0800a3f0   0x00000010   Code   RO         2635    i.__mathlib_dbl_underflow  m_ws.l(dunder.o)
    0x0800a400   0x0800a400   0x00000010   Code   RO         2501    i.__mathlib_narrow  m_ws.l(narrow.o)
    0x0800a410   0x0800a410   0x000000bc   Code   RO         2502    i.__mathlib_tofloat  m_ws.l(narrow.o)
    0x0800a4cc   0x0800a4cc   0x00000016   Code   RO         2603    i.__support_ldexp   m_ws.l(ldexp.o)
    0x0800a4e2   0x0800a4e2   0x0000000e   Code   RO         2258    i._is_digit         c_w.l(__printf_wp.o)
    0x0800a4f0   0x0800a4f0   0x00000058   Code   RO         2580    i.frexp             m_ws.l(frexp.o)
    0x0800a548   0x0800a548   0x00000074   Code   RO         2604    i.ldexp             m_ws.l(ldexp.o)
    0x0800a5bc   0x0800a5bc   0x00000094   Code   RO         2349    i.round             m_ws.l(round.o)
    0x0800a650   0x0800a650   0x0000002c   Code   RO         2481    locale$$code        c_w.l(lc_numeric_c.o)
    0x0800a67c   0x0800a67c   0x0000002c   Code   RO         2590    locale$$code        c_w.l(lc_ctype_c.o)
    0x0800a6a8   0x0800a6a8   0x00000062   Code   RO         2291    x$fpl$d2f           fz_ws.l(d2f.o)
    0x0800a70a   0x0800a70a   0x00000002   PAD
    0x0800a70c   0x0800a70c   0x00000150   Code   RO         2293    x$fpl$dadd          fz_ws.l(daddsub_clz.o)
    0x0800a85c   0x0800a85c   0x00000010   Code   RO         2627    x$fpl$dcheck1       fz_ws.l(dcheck1.o)
    0x0800a86c   0x0800a86c   0x00000018   Code   RO         2483    x$fpl$dcmpinf       fz_ws.l(dcmpi.o)
    0x0800a884   0x0800a884   0x000002b4   Code   RO         2302    x$fpl$ddiv          fz_ws.l(ddiv.o)
    0x0800ab38   0x0800ab38   0x00000078   Code   RO         2382    x$fpl$deqf          fz_ws.l(deqf.o)
    0x0800abb0   0x0800abb0   0x0000002e   Code   RO         2306    x$fpl$dflt          fz_ws.l(dflt_clz.o)
    0x0800abde   0x0800abde   0x00000002   PAD
    0x0800abe0   0x0800abe0   0x00000078   Code   RO         2384    x$fpl$dgeqf         fz_ws.l(dgeqf.o)
    0x0800ac58   0x0800ac58   0x00000078   Code   RO         2386    x$fpl$dleqf         fz_ws.l(dleqf.o)
    0x0800acd0   0x0800acd0   0x00000154   Code   RO         2311    x$fpl$dmul          fz_ws.l(dmul.o)
    0x0800ae24   0x0800ae24   0x0000009c   Code   RO         2388    x$fpl$dnaninf       fz_ws.l(dnaninf.o)
    0x0800aec0   0x0800aec0   0x0000000c   Code   RO         2390    x$fpl$dretinf       fz_ws.l(dretinf.o)
    0x0800aecc   0x0800aecc   0x0000006c   Code   RO         2392    x$fpl$drleqf        fz_ws.l(drleqf.o)
    0x0800af38   0x0800af38   0x000000b4   Code   RO         2394    x$fpl$drnd          fz_ws.l(drnd.o)
    0x0800afec   0x0800afec   0x00000016   Code   RO         2294    x$fpl$drsb          fz_ws.l(daddsub_clz.o)
    0x0800b002   0x0800b002   0x00000002   PAD
    0x0800b004   0x0800b004   0x000001dc   Code   RO         2295    x$fpl$dsub          fz_ws.l(daddsub_clz.o)
    0x0800b1e0   0x0800b1e0   0x00000056   Code   RO         2313    x$fpl$f2d           fz_ws.l(f2d.o)
    0x0800b236   0x0800b236   0x00000002   PAD
    0x0800b238   0x0800b238   0x000000c4   Code   RO         2315    x$fpl$fadd          fz_ws.l(faddsub_clz.o)
    0x0800b2fc   0x0800b2fc   0x00000054   Code   RO         2299    x$fpl$fcmp          fz_ws.l(dcmp.o)
    0x0800b350   0x0800b350   0x00000054   Code   RO         2321    x$fpl$fcmp          fz_ws.l(fcmp.o)
    0x0800b3a4   0x0800b3a4   0x00000018   Code   RO         2485    x$fpl$fcmpinf       fz_ws.l(fcmpi.o)
    0x0800b3bc   0x0800b3bc   0x00000184   Code   RO         2324    x$fpl$fdiv          fz_ws.l(fdiv.o)
    0x0800b540   0x0800b540   0x00000068   Code   RO         2396    x$fpl$feqf          fz_ws.l(feqf.o)
    0x0800b5a8   0x0800b5a8   0x00000036   Code   RO         2327    x$fpl$ffix          fz_ws.l(ffix.o)
    0x0800b5de   0x0800b5de   0x00000002   PAD
    0x0800b5e0   0x0800b5e0   0x00000026   Code   RO         2331    x$fpl$ffltu         fz_ws.l(fflt_clz.o)
    0x0800b606   0x0800b606   0x00000002   PAD
    0x0800b608   0x0800b608   0x00000068   Code   RO         2398    x$fpl$fgeqf         fz_ws.l(fgeqf.o)
    0x0800b670   0x0800b670   0x00000068   Code   RO         2400    x$fpl$fleqf         fz_ws.l(fleqf.o)
    0x0800b6d8   0x0800b6d8   0x00000102   Code   RO         2337    x$fpl$fmul          fz_ws.l(fmul.o)
    0x0800b7da   0x0800b7da   0x0000008c   Code   RO         2402    x$fpl$fnaninf       fz_ws.l(fnaninf.o)
    0x0800b866   0x0800b866   0x0000000a   Code   RO         2404    x$fpl$fretinf       fz_ws.l(fretinf.o)
    0x0800b870   0x0800b870   0x000000ea   Code   RO         2317    x$fpl$fsub          fz_ws.l(faddsub_clz.o)
    0x0800b95a   0x0800b95a   0x00000006   Code   RO         2491    x$fpl$ieeestatus    fz_ws.l(istatus.o)
    0x0800b960   0x0800b960   0x00000004   Code   RO         2339    x$fpl$printf1       fz_ws.l(printf1.o)
    0x0800b964   0x0800b964   0x00000004   Code   RO         2341    x$fpl$printf2       fz_ws.l(printf2.o)
    0x0800b968   0x0800b968   0x00000064   Code   RO         2665    x$fpl$retnan        fz_ws.l(retnan.o)
    0x0800b9cc   0x0800b9cc   0x0000005c   Code   RO         2600    x$fpl$scalbn        fz_ws.l(scalbn.o)
    0x0800ba28   0x0800ba28   0x00000004   Code   RO         2347    x$fpl$scanf1        fz_ws.l(scanf1.o)
    0x0800ba2c   0x0800ba2c   0x00000008   Code   RO         2493    x$fpl$scanf2        fz_ws.l(scanf2.o)
    0x0800ba34   0x0800ba34   0x00000030   Code   RO         2699    x$fpl$trapveneer    fz_ws.l(trapv.o)
    0x0800ba64   0x0800ba64   0x00000000   Code   RO         2406    x$fpl$usenofp       fz_ws.l(usenofp.o)
    0x0800ba64   0x0800ba64   0x00000011   Data   RO         2266    .constdata          c_w.l(__printf_flags_ss_wp.o)
    0x0800ba75   0x0800ba75   0x00000026   Data   RO         2363    .constdata          c_w.l(_printf_fp_hex.o)
    0x0800ba9b   0x0800ba9b   0x00000001   PAD
    0x0800ba9c   0x0800ba9c   0x00000094   Data   RO         2451    .constdata          c_w.l(bigflt0.o)
    0x0800bb30   0x0800bb30   0x000000a8   Data   RO          323    .rodata             rtx_lib.o
    0x0800bbd8   0x0800bbd8   0x00000010   Data   RO         1755    .rodata.AHBPrescTable  system_stm32f4xx.o
    0x0800bbe8   0x0800bbe8   0x00000008   Data   RO         1756    .rodata.APBPrescTable  system_stm32f4xx.o
    0x0800bbf0   0x0800bbf0   0x00000960   Data   RO          176    .rodata.Arial12x12  lcd.o
    0x0800c550   0x0800c550   0x00000030   Data   RO          406    .rodata.Driver_I2C1  i2c_stm32f4xx.o
    0x0800c580   0x0800c580   0x0000002c   Data   RO          476    .rodata.Driver_SPI1  spi_stm32f4xx.o
    0x0800c5ac   0x0800c5ac   0x00000038   Data   RO          556    .rodata.Driver_USART3  usart_stm32f4xx.o
    0x0800c5e4   0x0800c5e4   0x00000034   Data   RO          561    .rodata.USART3_Resources  usart_stm32f4xx.o
    0x0800c618   0x0800c618   0x0000000c   Data   RO          558    .rodata.USART3_rx   usart_stm32f4xx.o
    0x0800c624   0x0800c624   0x0000000c   Data   RO          557    .rodata.USART3_tx   usart_stm32f4xx.o
    0x0800c630   0x0800c630   0x00000004   Data   RO          325    .rodata.osRtxUserSVC  rtx_lib.o
    0x0800c634   0x0800c634   0x00000024   Data   RO          320    .rodata.os_idle_thread_attr  rtx_lib.o
    0x0800c658   0x0800c658   0x00000018   Data   RO          322    .rodata.os_timer_mq_attr  rtx_lib.o
    0x0800c670   0x0800c670   0x00000024   Data   RO          321    .rodata.os_timer_thread_attr  rtx_lib.o
    0x0800c694   0x0800c694   0x0000017a   Data   RO           44    .rodata.str1.1      principal.o
    0x0800c80e   0x0800c80e   0x00000002   PAD
    0x0800c810   0x0800c810   0x0000000b   Data   RO         1827    .rodata.str1.4      RTX_CM3.lib(rtx_kernel.o)
    0x0800c81b   0x0800c81b   0x00000001   PAD
    0x0800c81c   0x0800c81c   0x00000020   Data   RO         2702    Region$$Table       anon$$obj.o
    0x0800c83c   0x0800c83c   0x00000008   Data   RO         2487    c$$dinf             fz_ws.l(fpconst.o)
    0x0800c844   0x0800c844   0x00000008   Data   RO         2490    c$$dmax             fz_ws.l(fpconst.o)
    0x0800c84c   0x0800c84c   0x0000001c   Data   RO         2480    locale$$data        c_w.l(lc_numeric_c.o)
    0x0800c868   0x0800c868   0x00000110   Data   RO         2589    locale$$data        c_w.l(lc_ctype_c.o)


    Execution Region RW_IRAM1 (Exec base: 0x20000000, Load base: 0x0800c978, Size: 0x000115e0, Max: 0x00030000, ABSOLUTE)

    Exec Addr    Load Addr    Size         Type   Attr      Idx    E Section Name        Object

    0x20000000   0x0800c978   0x00000004   Data   RW          266    .data.I2Cdrv        temp.o
    0x20000004   0x0800c97c   0x00000004   Data   RW          177    .data.SPIdrv        lcd.o
    0x20000008   0x0800c980   0x00000004   Data   RW         1754    .data.SystemCoreClock  system_stm32f4xx.o
    0x2000000c   0x0800c984   0x000000a4   Data   RW         1828    .data.os            RTX_CM3.lib(rtx_kernel.o)
    0x200000b0   0x0800ca28   0x00000001   Data   RW          629    .data.uwTickFreq    stm32f4xx_hal.o
    0x200000b1   0x0800ca29   0x00000003   PAD
    0x200000b4   0x0800ca2c   0x00000004   Data   RW          628    .data.uwTickPrio    stm32f4xx_hal.o
    0x200000b8        -       0x00000060   Zero   RW         2508    .bss                c_w.l(libspace.o)
    0x20000118        -       0x00000004   Zero   RW            8    .bss.HAL_GetTick.ticks  main.o
    0x2000011c        -       0x00000028   Zero   RW          407    .bss.I2C1_Info      i2c_stm32f4xx.o
    0x20000144        -       0x00000014   Zero   RW          296    .bss.Init_rgb.GPIO_InitStruct  rgb.o
    0x20000158        -       0x00000014   Zero   RW          183    .bss.LCD_reset.GPIO_InitStruct  lcd.o
    0x2000016c        -       0x00000004   Zero   RW          188    .bss.LCD_update.i   lcd.o
    0x20000170        -       0x00000004   Zero   RW          478    .bss.SPI1_Info.0    spi_stm32f4xx.o
    0x20000174        -       0x00000001   Zero   RW          481    .bss.SPI1_Info.1.0  spi_stm32f4xx.o
    0x20000175   0x0800ca30   0x00000003   PAD
    0x20000178        -       0x00000001   Zero   RW          482    .bss.SPI1_Info.1.1  spi_stm32f4xx.o
    0x20000179   0x0800ca30   0x00000001   PAD
    0x2000017a        -       0x00000001   Zero   RW          483    .bss.SPI1_Info.1.2  spi_stm32f4xx.o
    0x2000017b   0x0800ca30   0x00000001   PAD
    0x2000017c        -       0x00000004   Zero   RW          479    .bss.SPI1_Info.2    spi_stm32f4xx.o
    0x20000180        -       0x00000004   Zero   RW          480    .bss.SPI1_Info.3    spi_stm32f4xx.o
    0x20000184        -       0x0000001c   Zero   RW          477    .bss.SPI1_TransferInfo  spi_stm32f4xx.o
    0x200001a0        -       0x00000048   Zero   RW          215    .bss.Th_pot1_pot2.hadc1  pot.o
    0x200001e8        -       0x00000048   Zero   RW          216    .bss.Th_pot1_pot2.hadc2  pot.o
    0x20000230        -       0x00000010   Zero   RW          217    .bss.Th_pot1_pot2.msg  pot.o
    0x20000240        -       0x00000040   Zero   RW          239    .bss.Th_pwm.htim    pwm.o
    0x20000280        -       0x0000001c   Zero   RW          240    .bss.Th_pwm.timOC   pwm.o
    0x2000029c        -       0x00000001   Zero   RW           45    .bss.Thread_Main.dep  principal.o
    0x2000029d        -       0x00000001   Zero   RW           46    .bss.Thread_Main.display  principal.o
    0x2000029e        -       0x00000002   Zero   RW          102    .bss.Thread_RX.cnt  com.o
    0x200002a0        -       0x00000001   Zero   RW          269    .bss.Thread_temp.reg_temp  temp.o
    0x200002a1        -       0x00000002   Zero   RW          270    .bss.Thread_temp.temp  temp.o
    0x200002a3   0x0800ca30   0x00000001   PAD
    0x200002a4        -       0x00000014   Zero   RW          559    .bss.USART3_Info    usart_stm32f4xx.o
    0x200002b8        -       0x00000024   Zero   RW          560    .bss.USART3_TransferInfo  usart_stm32f4xx.o
    0x200002dc        -       0x00000004   Zero   RW           47    .bss.agregarMedida.dc_aux  principal.o
    0x200002e0        -       0x00000200   Zero   RW          182    .bss.buffer         lcd.o
    0x200004e0        -       0x0000016b   Zero   RW           41    .bss.buffer_medidas  principal.o
    0x2000064b   0x0800ca30   0x00000001   PAD
    0x2000064c        -       0x00000004   Zero   RW           70    .bss.cnt            clock.o
    0x20000650        -       0x00000001   Zero   RW          137    .bss.cnt            joystick.o
    0x20000651   0x0800ca30   0x00000003   PAD
    0x20000654        -       0x00000004   Zero   RW          184    .bss.dataToBuffer.i  lcd.o
    0x20000658        -       0x00000004   Zero   RW          185    .bss.dataToBuffer.j  lcd.o
    0x2000065c        -       0x00000001   Zero   RW           31    .bss.estado         principal.o
    0x2000065d   0x0800ca30   0x00000001   PAD
    0x2000065e        -       0x00000002   Zero   RW          136    .bss.flags          joystick.o
    0x20000660        -       0x00000001   Zero   RW           71    .bss.hora           clock.o
    0x20000661   0x0800ca30   0x00000003   PAD
    0x20000664        -       0x00000004   Zero   RW          214    .bss.id_pot_th      pot.o
    0x20000668        -       0x00000014   Zero   RW          139    .bss.joystick_init.GPIO_InitStruct  joystick.o
    0x2000067c        -       0x00000001   Zero   RW           72    .bss.min            clock.o
    0x2000067d        -       0x00000002   Zero   RW          138    .bss.msg            joystick.o
    0x2000067f        -       0x00000001   Zero   RW          241    .bss.msg            pwm.o
    0x20000680        -       0x00000001   Zero   RW          295    .bss.msg            rgb.o
    0x20000681        -       0x00000037   Zero   RW           38    .bss.msg_comRX_main  principal.o
    0x200006b8        -       0x00000037   Zero   RW           39    .bss.msg_comTX_main  principal.o
    0x200006ef        -       0x00000037   Zero   RW          103    .bss.msg_com_RX     com.o
    0x20000726        -       0x00000037   Zero   RW          104    .bss.msg_com_TX     com.o
    0x2000075d        -       0x00000002   Zero   RW           33    .bss.msg_joy_main   principal.o
    0x2000075f   0x0800ca30   0x00000001   PAD
    0x20000760        -       0x00000040   Zero   RW          181    .bss.msg_lcd        lcd.o
    0x200007a0        -       0x00000040   Zero   RW           32    .bss.msg_lcd_main   principal.o
    0x200007e0        -       0x00000010   Zero   RW           37    .bss.msg_pot_main   principal.o
    0x200007f0        -       0x00000001   Zero   RW           35    .bss.msg_pwm_main   principal.o
    0x200007f1        -       0x00000001   Zero   RW           36    .bss.msg_rgb_main   principal.o
    0x200007f2   0x0800ca30   0x00000002   PAD
    0x200007f4        -       0x00000004   Zero   RW          272    .bss.msg_temp       temp.o
    0x200007f8        -       0x00000004   Zero   RW           34    .bss.msg_temp_main  principal.o
    0x200007fc   0x0800ca30   0x00000004   PAD
    0x20000800        -       0x00010040   Zero   RW          319    .bss.os             rtx_lib.o
    0x20010840        -       0x00000001   Zero   RW         2226    .bss.os             RTX_CM3.lib(os_systick.o)
    0x20010841   0x0800ca30   0x00000003   PAD
    0x20010844        -       0x000001f0   Zero   RW          326    .bss.os.libspace    rtx_lib.o
    0x20010a34        -       0x00000034   Zero   RW          330    .bss.os.msgqueue.cb  rtx_lib.o
    0x20010a68        -       0x00000050   Zero   RW          331    .bss.os.msgqueue.mem  rtx_lib.o
    0x20010ab8        -       0x00000088   Zero   RW          327    .bss.os.thread.cb   rtx_lib.o
    0x20010b40        -       0x00000200   Zero   RW          328    .bss.os.thread.idle.stack  rtx_lib.o
    0x20010d40        -       0x00000200   Zero   RW          329    .bss.os.thread.timer.stack  rtx_lib.o
    0x20010f40        -       0x00000001   Zero   RW          332    .bss.os_kernel_is_active.os_kernel_active  rtx_lib.o
    0x20010f41   0x0800ca30   0x00000001   PAD
    0x20010f42        -       0x00000002   Zero   RW          186    .bss.positionL1     lcd.o
    0x20010f44        -       0x00000002   Zero   RW          187    .bss.positionL2     lcd.o
    0x20010f46        -       0x00000001   Zero   RW          131    .bss.pulsed         joystick.o
    0x20010f47   0x0800ca30   0x00000001   PAD
    0x20010f48        -       0x0000001c   Zero   RW          243    .bss.pwm_init.timOC  pwm.o
    0x20010f64        -       0x00000014   Zero   RW          242    .bss.pwm_init.timer1  pwm.o
    0x20010f78        -       0x00000004   Zero   RW           98    .bss.queue_PC_SIS   com.o
    0x20010f7c        -       0x00000004   Zero   RW           99    .bss.queue_SIS_PC   com.o
    0x20010f80        -       0x00000004   Zero   RW          132    .bss.queue_joystick  joystick.o
    0x20010f84        -       0x00000004   Zero   RW          178    .bss.queue_lcd      lcd.o
    0x20010f88        -       0x00000004   Zero   RW          213    .bss.queue_pot      pot.o
    0x20010f8c        -       0x00000004   Zero   RW          237    .bss.queue_pwm      pwm.o
    0x20010f90        -       0x00000004   Zero   RW          293    .bss.queue_rgb      rgb.o
    0x20010f94        -       0x00000004   Zero   RW          267    .bss.queue_temp     temp.o
    0x20010f98        -       0x00000001   Zero   RW           73    .bss.seg            clock.o
    0x20010f99   0x0800ca30   0x00000003   PAD
    0x20010f9c        -       0x00000004   Zero   RW           40    .bss.temp_ref       principal.o
    0x20010fa0        -       0x00000004   Zero   RW          238    .bss.tid_Th_pwm     pwm.o
    0x20010fa4        -       0x00000004   Zero   RW          133    .bss.tid_Thread_Joystick  joystick.o
    0x20010fa8        -       0x00000004   Zero   RW          100    .bss.tid_Thread_RX  com.o
    0x20010fac        -       0x00000004   Zero   RW          101    .bss.tid_Thread_TX  com.o
    0x20010fb0        -       0x00000004   Zero   RW           68    .bss.tid_Thread_clock  clock.o
    0x20010fb4        -       0x00000004   Zero   RW          179    .bss.tid_Thread_lcd  lcd.o
    0x20010fb8        -       0x00000004   Zero   RW           30    .bss.tid_Thread_main  principal.o
    0x20010fbc        -       0x00000004   Zero   RW          294    .bss.tid_Thread_rgb  rgb.o
    0x20010fc0        -       0x00000004   Zero   RW          268    .bss.tid_Thread_temp  temp.o
    0x20010fc4        -       0x00000004   Zero   RW           42    .bss.tim_disp       principal.o
    0x20010fc8        -       0x00000004   Zero   RW          135    .bss.tim_pul_L      joystick.o
    0x20010fcc        -       0x00000004   Zero   RW          134    .bss.tim_reb        joystick.o
    0x20010fd0        -       0x00000004   Zero   RW          180    .bss.tim_reset      lcd.o
    0x20010fd4        -       0x00000004   Zero   RW           69    .bss.tim_sec        clock.o
    0x20010fd8        -       0x00000004   Zero   RW          271    .bss.tim_temp       temp.o
    0x20010fdc        -       0x00000004   Zero   RW          218    .bss.tim_temp_pot   pot.o
    0x20010fe0        -       0x00000200   Zero   RW         1741    HEAP                startup_stm32f429xx.o
    0x200111e0        -       0x00000400   Zero   RW         1740    STACK               startup_stm32f429xx.o


==============================================================================

Image component sizes


      Code (inc. data)   RO Data    RW Data    ZI Data      Debug   Object Name

       294          0          0          0         15       2092   clock.o
       754          0          0          0        128       5242   com.o
      3594          4         48          0         40      16631   i2c_stm32f4xx.o
       812          0          0          0         42       6347   joystick.o
      1506          0       2400          4        624       7503   lcd.o
       264          0          0          0          4       3323   main.o
       876          0          0          0        172       7057   pot.o
      3868        300        378          0        580       7167   principal.o
       384         12          0          0        149       5942   pwm.o
       404          6          0          0         29       3471   rgb.o
         4          0          0          0          0        699   rtx_config.o
       214          0        268          0      67389       7267   rtx_lib.o
      2174         26         44          0         43      16311   spi_stm32f4xx.o
        64         26        428          0       1536        856   startup_stm32f429xx.o
       182          0          0          5          0       7926   stm32f4xx_hal.o
      1102          0          0          0          0      10856   stm32f4xx_hal_adc.o
       346          0          0          0          0      11066   stm32f4xx_hal_cortex.o
       718          0          0          0          0       5363   stm32f4xx_hal_gpio.o
      1358          0          0          0          0       7527   stm32f4xx_hal_rcc.o
      1088          4          0          0          0      38497   stm32f4xx_hal_tim.o
       142          0         24          4          0       2763   system_stm32f4xx.o
       386          0          0          4         19       3532   temp.o
      3888        100        132          0         56      19651   usart_stm32f4xx.o

    ----------------------------------------------------------------------
     24612        478       3756         20      70852     197089   Object Totals
         0          0         32          0          0          0   (incl. Generated)
       190          0          2          3         26          0   (incl. Padding)

    ----------------------------------------------------------------------

      Code (inc. data)   RO Data    RW Data    ZI Data      Debug   Library Member Name

       148          8          0          0          0        591   irq_armv7m.o
       114         20          0          0          1       3197   os_systick.o
       588         40         11        164          0      16501   rtx_kernel.o
       228          0          0          0          0       2537   rtx_memory.o
       188          0          0          0          0      16008   rtx_mempool.o
      1342         24          0          0          0      18657   rtx_msgqueue.o
       882         28          0          0          0       9962   rtx_mutex.o
       364         14          0          0          0       5296   rtx_system.o
      1970         72          0          0          0      31735   rtx_thread.o
       620         32          0          0          0      10397   rtx_timer.o
        60          8          0          0          0         84   __0sscanf.o
        44          6          0          0          0         84   __2sprintf.o
         8          0          0          0          0         68   __main.o
       392          4         17          0          0         92   __printf_flags_ss_wp.o
        14          0          0          0          0         68   __printf_wp.o
         0          0          0          0          0          0   __rtentry.o
        20          0          0          0          0          0   __rtentry2.o
         6          0          0          0          0          0   __rtentry4.o
        52          8          0          0          0          0   __scatter.o
        26          0          0          0          0          0   __scatter_copy.o
        28          0          0          0          0          0   __scatter_zi.o
        28          0          0          0          0         68   _chval.o
         6          0          0          0          0          0   _printf_a.o
        48          6          0          0          0         96   _printf_char_common.o
         6          0          0          0          0          0   _printf_d.o
       120         16          0          0          0         92   _printf_dec.o
         6          0          0          0          0          0   _printf_e.o
         6          0          0          0          0          0   _printf_f.o
      1052          0          0          0          0        148   _printf_fp_dec.o
       764          8         38          0          0        100   _printf_fp_hex.o
       128         16          0          0          0         84   _printf_fp_infnan.o
         6          0          0          0          0          0   _printf_g.o
       178          0          0          0          0         88   _printf_intcommon.o
        78          0          0          0          0        108   _printf_pad.o
         0          0          0          0          0          0   _printf_percent.o
         4          0          0          0          0          0   _printf_percent_end.o
         6          0          0          0          0          0   _printf_u.o
        22          0          0          0          0        100   _rserrno.o
       884          6          0          0          0        100   _scanf.o
       332          0          0          0          0         96   _scanf_int.o
        64          0          0          0          0         84   _sgetc.o
        10          0          0          0          0         68   _sputc.o
       228          4        148          0          0         96   bigflt0.o
      2152        136          0          0          0        956   btod.o
        18          0          0          0          0         80   exit.o
         6          0          0          0          0        152   heapauxi.o
         0          0          0          0          0          0   indicate_semi.o
        18          0          0          0          0         76   isspace.o
        44         10        272          0          0         76   lc_ctype_c.o
        44         10         28          0          0         76   lc_numeric_c.o
         2          0          0          0          0          0   libinit.o
        30          0          0          0          0          0   libinit2.o
         2          0          0          0          0          0   libshutdown.o
         2          0          0          0          0          0   libshutdown2.o
         8          4          0          0         96         68   libspace.o
        38          0          0          0          0         68   llshl.o
       138          0          0          0          0         80   lludiv10.o
       240          0          0          0          0        100   lludivv7m.o
        16          4          0          0          0         76   rt_ctype_table.o
         4          0          0          0          0         68   rt_errno_addr_twolibspace.o
        10          0          0          0          0         76   rt_locale_twolibspace.o
        68          0          0          0          0         68   rt_memclr.o
        78          0          0          0          0         80   rt_memclr_w.o
       138          0          0          0          0         68   rt_memcpy_v6.o
       100          0          0          0          0         80   rt_memcpy_w.o
         2          0          0          0          0          0   rtexit.o
        10          0          0          0          0          0   rtexit2.o
        44          8          0          0          0         84   scanf_char.o
      1272         16          0          0          0        168   scanf_fp.o
       800         14          0          0          0        100   scanf_hexfp.o
       308         16          0          0          0        100   scanf_infnan.o
       124          0          0          0          0         88   strcmpv7em.o
        62          0          0          0          0         76   strlen.o
        12          4          0          0          0         68   sys_exit.o
        74          0          0          0          0         80   sys_stackheap_outer.o
         2          0          0          0          0         68   use_no_semi.o
        98          4          0          0          0         92   d2f.o
       834         16          0          0          0        372   daddsub_clz.o
        16          4          0          0          0         68   dcheck1.o
        84          0          0          0          0        196   dcmp.o
        24          0          0          0          0         68   dcmpi.o
       692        140          0          0          0        216   ddiv.o
       120          4          0          0          0         92   deqf.o
        46          0          0          0          0         68   dflt_clz.o
       120          4          0          0          0         92   dgeqf.o
       120          4          0          0          0         92   dleqf.o
       340         12          0          0          0        104   dmul.o
       156          4          0          0          0         92   dnaninf.o
        12          0          0          0          0         68   dretinf.o
       108          0          0          0          0         80   drleqf.o
       180          4          0          0          0         80   drnd.o
        86          4          0          0          0         84   f2d.o
       430          8          0          0          0        168   faddsub_clz.o
        84          0          0          0          0        196   fcmp.o
        24          0          0          0          0         68   fcmpi.o
       388         76          0          0          0         96   fdiv.o
       104          4          0          0          0         84   feqf.o
        54          4          0          0          0         84   ffix.o
        38          0          0          0          0         68   fflt_clz.o
       104          4          0          0          0         84   fgeqf.o
       104          4          0          0          0         84   fleqf.o
       258          4          0          0          0         84   fmul.o
       140          4          0          0          0         84   fnaninf.o
         0          0         16          0          0          0   fpconst.o
        10          0          0          0          0         68   fretinf.o
         6          0          0          0          0         68   istatus.o
         4          0          0          0          0         68   printf1.o
         4          0          0          0          0         68   printf2.o
       100          0          0          0          0         68   retnan.o
        92          0          0          0          0         68   scalbn.o
         4          0          0          0          0         68   scanf1.o
         8          0          0          0          0         84   scanf2.o
        48          0          0          0          0         68   trapv.o
         0          0          0          0          0          0   usenofp.o
        30          6          0          0          0        136   dunder.o
        40          0          0          0          0         68   fpclassify.o
        88          8          0          0          0         76   frexp.o
       138          0          0          0          0        160   ldexp.o
       204          4          0          0          0        168   narrow.o
       148         12          0          0          0         88   round.o

    ----------------------------------------------------------------------
     22676        880        532        164        100     123973   Library Totals
        52          0          2          0          3          0   (incl. Padding)

    ----------------------------------------------------------------------

      Code (inc. data)   RO Data    RW Data    ZI Data      Debug   Library Name

      6444        238         11        164          1     114881   RTX_CM3.lib
     10492        304        503          0         96       4804   c_w.l
      5040        308         16          0          0       3592   fz_ws.l
       648         30          0          0          0        696   m_ws.l

    ----------------------------------------------------------------------
     22676        880        532        164        100     123973   Library Totals

    ----------------------------------------------------------------------

==============================================================================


      Code (inc. data)   RO Data    RW Data    ZI Data      Debug   

     47288       1358       4288        184      70952     315482   Grand Totals
     47288       1358       4288        184      70952     315482   ELF Image Totals
     47288       1358       4288        184          0          0   ROM Totals

==============================================================================

    Total RO  Size (Code + RO Data)                51576 (  50.37kB)
    Total RW  Size (RW Data + ZI Data)             71136 (  69.47kB)
    Total ROM Size (Code + RO Data + RW Data)      51760 (  50.55kB)

==============================================================================

